Archive member included to satisfy reference by file (symbol)

/home/ubuntu/dev/bl_iot_sdk/examples/bl602_boot2/build_out/bl602_std/libbl602_std.a(entry.o)
                              (_enter)
/home/ubuntu/dev/bl_iot_sdk/examples/bl602_boot2/build_out/bl602_std/libbl602_std.a(start_load.o)
                              /home/ubuntu/dev/bl_iot_sdk/examples/bl602_boot2/build_out/bl602_std/libbl602_std.a(entry.o) (start_load)
/home/ubuntu/dev/bl_iot_sdk/examples/bl602_boot2/build_out/bl602_std/libbl602_std.a(system_bl602.o)
                              /home/ubuntu/dev/bl_iot_sdk/examples/bl602_boot2/build_out/bl602_std/libbl602_std.a(entry.o) (SystemInit)
/home/ubuntu/dev/bl_iot_sdk/examples/bl602_boot2/build_out/bl602_std/libbl602_std.a(bl602_glb.o)
                              /home/ubuntu/dev/bl_iot_sdk/examples/bl602_boot2/build_out/bl602_std/libbl602_std.a(system_bl602.o) (GLB_Set_EM_Sel)
/home/ubuntu/dev/bl_iot_sdk/examples/bl602_boot2/build_out/bl602_std/libbl602_std.a(bl602_hbn.o)
                              /home/ubuntu/dev/bl_iot_sdk/examples/bl602_boot2/build_out/bl602_std/libbl602_std.a(bl602_glb.o) (HBN_Set_UART_CLK_Sel)
/home/ubuntu/dev/bl_iot_sdk/examples/bl602_boot2/build_out/bl602_std/libbl602_std.a(bl602_aon.o)
                              /home/ubuntu/dev/bl_iot_sdk/examples/bl602_boot2/build_out/bl602_std/libbl602_std.a(bl602_glb.o) (AON_Power_On_XTAL)
/home/ubuntu/dev/bl_iot_sdk/examples/bl602_boot2/build_out/bl602_std/libbl602_std.a(bl602_pds.o)
                              /home/ubuntu/dev/bl_iot_sdk/examples/bl602_boot2/build_out/bl602_std/libbl602_std.a(bl602_glb.o) (PDS_Enable_PLL_All_Clks)
/home/ubuntu/dev/bl_iot_sdk/examples/bl602_boot2/build_out/bl602_std/libbl602_std.a(bl602_l1c.o)
                              /home/ubuntu/dev/bl_iot_sdk/examples/bl602_boot2/build_out/bl602_std/libbl602_std.a(bl602_glb.o) (L1C_IROM_2T_Access_Set)
/home/ubuntu/dev/bl_iot_sdk/examples/bl602_boot2/build_out/bl602_std/libbl602_std.a(bl602_ef_ctrl.o)
                              /home/ubuntu/dev/bl_iot_sdk/examples/bl602_boot2/build_out/bl602_std/libbl602_std.a(bl602_hbn.o) (EF_Ctrl_Get_Trim_Parity)
/home/ubuntu/dev/bl_iot_sdk/examples/bl602_boot2/build_out/bl602_std/libbl602_std.a(bl602_mfg_flash.o)
                              /home/ubuntu/dev/bl_iot_sdk/examples/bl602_boot2/build_out/bl602_std/libbl602_std.a(entry.o) (main)
/home/ubuntu/dev/bl_iot_sdk/examples/bl602_boot2/build_out/bl602_std/libbl602_std.a(softcrc.o)
                              /home/ubuntu/dev/bl_iot_sdk/examples/bl602_boot2/build_out/bl602_std/libbl602_std.a(bl602_mfg_flash.o) (BFLB_Soft_CRC32)
/home/ubuntu/dev/bl_iot_sdk/examples/bl602_boot2/build_out/bl602_std/libbl602_std.a(bl602_romapi.o)
                              /home/ubuntu/dev/bl_iot_sdk/examples/bl602_boot2/build_out/bl602_std/libbl602_std.a(bl602_glb.o) (BL602_Delay_US)
/home/ubuntu/dev/bl_iot_sdk/examples/bl602_boot2/build_out/bl602_std/libbl602_std.a(partition.o)
                              /home/ubuntu/dev/bl_iot_sdk/examples/bl602_boot2/build_out/bl602_std/libbl602_std.a(bl602_mfg_flash.o) (PtTable_Set_Flash_Operation)
/home/ubuntu/dev/bl_iot_sdk/examples/bl602_boot2/build_out/bl602/libbl602.a(debug.o)
                              /home/ubuntu/dev/bl_iot_sdk/examples/bl602_boot2/build_out/bl602_std/libbl602_std.a(bl602_mfg_flash.o) (printf)
/home/ubuntu/dev/bl_iot_sdk/toolchain/riscv/Linux/bin/../lib/gcc/riscv64-unknown-elf/8.3.0/../../../../riscv64-unknown-elf/lib/rv32imf/ilp32f/libm.a(lib_a-s_modf.o)
                              /home/ubuntu/dev/bl_iot_sdk/examples/bl602_boot2/build_out/bl602/libbl602.a(debug.o) (modf)
/home/ubuntu/dev/bl_iot_sdk/toolchain/riscv/Linux/bin/../lib/gcc/riscv64-unknown-elf/8.3.0/rv32imf/ilp32f/libgcc.a(_lshrdi3.o)
                              /home/ubuntu/dev/bl_iot_sdk/examples/bl602_boot2/build_out/bl602_std/libbl602_std.a(bl602_ef_ctrl.o) (__lshrdi3)
/home/ubuntu/dev/bl_iot_sdk/toolchain/riscv/Linux/bin/../lib/gcc/riscv64-unknown-elf/8.3.0/rv32imf/ilp32f/libgcc.a(_ashldi3.o)
                              /home/ubuntu/dev/bl_iot_sdk/examples/bl602_boot2/build_out/bl602_std/libbl602_std.a(bl602_ef_ctrl.o) (__ashldi3)
/home/ubuntu/dev/bl_iot_sdk/toolchain/riscv/Linux/bin/../lib/gcc/riscv64-unknown-elf/8.3.0/rv32imf/ilp32f/libgcc.a(_udivdi3.o)
                              /home/ubuntu/dev/bl_iot_sdk/examples/bl602_boot2/build_out/bl602/libbl602.a(debug.o) (__udivdi3)
/home/ubuntu/dev/bl_iot_sdk/toolchain/riscv/Linux/bin/../lib/gcc/riscv64-unknown-elf/8.3.0/rv32imf/ilp32f/libgcc.a(_umoddi3.o)
                              /home/ubuntu/dev/bl_iot_sdk/examples/bl602_boot2/build_out/bl602/libbl602.a(debug.o) (__umoddi3)
/home/ubuntu/dev/bl_iot_sdk/toolchain/riscv/Linux/bin/../lib/gcc/riscv64-unknown-elf/8.3.0/rv32imf/ilp32f/libgcc.a(adddf3.o)
                              /home/ubuntu/dev/bl_iot_sdk/examples/bl602_boot2/build_out/bl602/libbl602.a(debug.o) (__adddf3)
[...]
Memory Configuration

Name             Origin             Length             Attributes
xip_memory       0x0000000023000000 0x000000000000c000 xr
itcm_memory      0x0000000022010000 0x0000000000004000 xr
dtcm_memory      0x0000000042014000 0x000000000000c000 xr
ram_memory       0x0000000042020000 0x0000000000018000 !xr
*default*        0x0000000000000000 0xffffffffffffffff

Linker script and memory map

START GROUP
LOAD /home/ubuntu/dev/bl_iot_sdk/examples/bl602_boot2/build_out/bl602/libbl602.a
LOAD /home/ubuntu/dev/bl_iot_sdk/examples/bl602_boot2/build_out/bl602_boot2/libbl602_boot2.a
LOAD /home/ubuntu/dev/bl_iot_sdk/examples/bl602_boot2/build_out/bl602_std/libbl602_std.a
END GROUP
LOAD /home/ubuntu/dev/bl_iot_sdk/toolchain/riscv/Linux/bin/../lib/gcc/riscv64-unknown-elf/8.3.0/../../../../riscv64-unknown-elf/lib/rv32imf/ilp32f/libm.a
LOAD /home/ubuntu/dev/bl_iot_sdk/toolchain/riscv/Linux/bin/../lib/gcc/riscv64-unknown-elf/8.3.0/rv32imf/ilp32f/libgcc.a
START GROUP
LOAD /home/ubuntu/dev/bl_iot_sdk/toolchain/riscv/Linux/bin/../lib/gcc/riscv64-unknown-elf/8.3.0/../../../../riscv64-unknown-elf/lib/rv32imf/ilp32f/libc.a
LOAD /home/ubuntu/dev/bl_iot_sdk/toolchain/riscv/Linux/bin/../lib/gcc/riscv64-unknown-elf/8.3.0/../../../../riscv64-unknown-elf/lib/rv32imf/ilp32f/libgloss.a
END GROUP
LOAD /home/ubuntu/dev/bl_iot_sdk/toolchain/riscv/Linux/bin/../lib/gcc/riscv64-unknown-elf/8.3.0/rv32imf/ilp32f/libgcc.a
LOAD /home/ubuntu/dev/bl_iot_sdk/toolchain/riscv/Linux/bin/../lib/gcc/riscv64-unknown-elf/8.3.0/../../../../riscv64-unknown-elf/lib/rv32imf/ilp32f/libc.a
LOAD /home/ubuntu/dev/bl_iot_sdk/toolchain/riscv/Linux/bin/../lib/gcc/riscv64-unknown-elf/8.3.0/rv32imf/ilp32f/libgcc.a
                0x0000000000000400                StackSize = 0x400
                0x0000000000000000                PROVIDE (__metal_chicken_bit = 0x0)

.text           0x0000000023000000      0x2b0
                0x0000000023000000                . = ALIGN (0x4)
                0x0000000023000000                __text_code_start__ = .
 *(.text.metal.init.enter)
 .text.metal.init.enter
                0x0000000023000000       0x80 /home/ubuntu/dev/bl_iot_sdk/examples/bl602_boot2/build_out/bl602_std/libbl602_std.a(entry.o)
                0x0000000023000000                _enter
 *(SORT_NONE(.init))
 *(.text)
 *(.text.*)
 *fill*         0x0000000023000080        0x0 
 .text.metal.init.trapvec
                0x0000000023000080       0x12 /home/ubuntu/dev/bl_iot_sdk/examples/bl602_boot2/build_out/bl602_std/libbl602_std.a(entry.o)
                0x0000000023000080                Trap_Handler_Stub
 .text.start_load
                0x0000000023000092       0xc6 /home/ubuntu/dev/bl_iot_sdk/examples/bl602_boot2/build_out/bl602_std/libbl602_std.a(start_load.o)
                0x0000000023000092                start_load
 .text.system_bor_init
                0x0000000023000158       0x18 /home/ubuntu/dev/bl_iot_sdk/examples/bl602_boot2/build_out/bl602_std/libbl602_std.a(system_bl602.o)
                0x0000000023000158                system_bor_init
 .text.SystemInit
                0x0000000023000170       0x7e /home/ubuntu/dev/bl_iot_sdk/examples/bl602_boot2/build_out/bl602_std/libbl602_std.a(system_bl602.o)
                0x0000000023000170                SystemInit
 .text.GLB_Set_EM_Sel
                0x00000000230001ee       0x10 /home/ubuntu/dev/bl_iot_sdk/examples/bl602_boot2/build_out/bl602_std/libbl602_std.a(bl602_glb.o)
                0x00000000230001ee                GLB_Set_EM_Sel
 .text.GLB_UART_Sig_Swap_Set
                0x00000000230001fe       0x1c /home/ubuntu/dev/bl_iot_sdk/examples/bl602_boot2/build_out/bl602_std/libbl602_std.a(bl602_glb.o)
                0x00000000230001fe                GLB_UART_Sig_Swap_Set
 .text.GLB_JTAG_Sig_Swap_Set
                0x000000002300021a       0x18 /home/ubuntu/dev/bl_iot_sdk/examples/bl602_boot2/build_out/bl602_std/libbl602_std.a(bl602_glb.o)
                0x000000002300021a                GLB_JTAG_Sig_Swap_Set
 .text.HBN_Enable_BOR_IRQ
                0x0000000023000232       0x12 /home/ubuntu/dev/bl_iot_sdk/examples/bl602_boot2/build_out/bl602_std/libbl602_std.a(bl602_hbn.o)
                0x0000000023000232                HBN_Enable_BOR_IRQ
 .text.HBN_Disable_BOR_IRQ
                0x0000000023000244       0x14 /home/ubuntu/dev/bl_iot_sdk/examples/bl602_boot2/build_out/bl602_std/libbl602_std.a(bl602_hbn.o)
                0x0000000023000244                HBN_Disable_BOR_IRQ
 .text.HBN_Set_BOR_Cfg
                0x0000000023000258       0x52 /home/ubuntu/dev/bl_iot_sdk/examples/bl602_boot2/build_out/bl602_std/libbl602_std.a(bl602_hbn.o)
                0x0000000023000258                HBN_Set_BOR_Cfg
 .text.startup.main
                0x00000000230002aa        0x2 /home/ubuntu/dev/bl_iot_sdk/examples/bl602_boot2/build_out/bl602_std/libbl602_std.a(bl602_mfg_flash.o)
                0x00000000230002aa                main
 *(EXCLUDE_FILE(*bl602_ef_ctrl.o \ *bl602_xip_sflash.o \ *bl602_sflash.o \ *bl602_sf_ctrl.o \ *bl602_sf_cfg.o \ *bl602_common.o \ *bl602_pds.o \ *bl602_glb.o) .rodata*)
 *(.rodata)
 *(.rodata.*)
 *(.srodata)
 *fill*         0x00000000230002ac        0x0 
 .srodata       0x00000000230002ac        0x4 /home/ubuntu/dev/bl_iot_sdk/examples/bl602_boot2/build_out/bl602_std/libbl602_std.a(system_bl602.o)
 *(.srodata.*)
                0x00000000230002b0                . = ALIGN (0x4)
                0x00000000230002b0                __text_code_end__ = .

.rela.dyn       0x00000000230002b0        0x0
 .rela.text.metal.init.enter
                0x00000000230002b0        0x0 /home/ubuntu/dev/bl_iot_sdk/examples/bl602_boot2/build_out/bl602_std/libbl602_std.a(entry.o)
 .rela.text.metal.init.trapvec
                0x00000000230002b0        0x0 /home/ubuntu/dev/bl_iot_sdk/examples/bl602_boot2/build_out/bl602_std/libbl602_std.a(entry.o)
 .rela.text.start_load
                0x00000000230002b0        0x0 /home/ubuntu/dev/bl_iot_sdk/examples/bl602_boot2/build_out/bl602_std/libbl602_std.a(entry.o)
                0x00000000230002b0                . = ALIGN (0x4)
                0x00000000230002b0                __itcm_load_addr = .

.itcm_region    0x0000000022010000        0x0 load address 0x00000000230002b0
                0x0000000022010000                . = ALIGN (0x4)
                0x0000000022010000                __tcm_code_start__ = .
 *(.tcm_code)
 *(.tcm_const)
 *(.sclock_rlt_code)
 *(.sclock_rlt_const)
 *bl602_romapi.o(.text)
 *bl602_romapi.o(.text.*)
 *bl602_romapi.o(.rodata)
 *bl602_romapi.o(.rodata.*)
 *bl602_romapi.o(.srodata)
 *bl602_romapi.o(.srodata.*)
 *bl602_glb.o*(.rodata*)
 *bl602_pds.o*(.rodata*)
 *bl602_common.o*(.rodata*)
 *bl602_sf_cfg.o*(.rodata*)
 *bl602_sf_ctrl.o*(.rodata*)
 *bl602_sflash.o*(.rodata*)
 *bl602_xip_sflash.o*(.rodata*)
 *bl602_ef_ctrl.o*(.rodata*)
                0x0000000022010000                . = ALIGN (0x4)
                0x0000000022010000                __tcm_code_end__ = .
                0x00000000230002b0                __dtcm_load_addr = (__itcm_load_addr + SIZEOF (.itcm_region))

.dtcm_region    0x0000000042014000        0x0 load address 0x00000000230002b0
                0x0000000042014000                . = ALIGN (0x4)
                0x0000000042014000                __tcm_data_start__ = .
 *(.tcm_data)
                0x0000000042014000                . = ALIGN (0x4)
                0x0000000042014000                __tcm_data_end__ = .

.stack_dummy    0x0000000042014000      0x400
                0x0000000042014000                . = ALIGN (0x4)
                0x0000000042014400                . = (. + StackSize)
 *fill*         0x0000000042014000      0x400 
                0x0000000042014400                . = ALIGN (0x4)
                0x0000000042020000                __StackTop = (ORIGIN (dtcm_memory) + LENGTH (dtcm_memory))
                0x000000004201fc00                __StackLimit = (__StackTop - SIZEOF (.stack_dummy))
                0x0000000000000001                ASSERT ((__StackLimit >= __tcm_data_end__), region RAM overflowed with stack)
                0x00000000230002b0                __system_ram_load_addr = (__dtcm_load_addr + SIZEOF (.dtcm_region))

.system_ram_data_region
                0x0000000042020000        0x0 load address 0x00000000230002b0
                0x0000000042020000                . = ALIGN (0x4)
                0x0000000042020000                __system_ram_data_start__ = .
 *(.system_ram)
                0x0000000042020000                . = ALIGN (0x4)
                0x0000000042020000                __system_ram_data_end__ = .
                0x00000000230002b0                __ram_load_addr = (__system_ram_load_addr + SIZEOF (.system_ram_data_region))

RAM_DATA        0x0000000042020000        0x0 load address 0x00000000230002b0
                0x0000000042020000                . = ALIGN (0x4)
                0x0000000042020000                __ram_data_start__ = .
                0x0000000042020800                PROVIDE (__global_pointer$ = (. + 0x800))
 *(.data)
 *(.data.*)
 *(.sdata)
 *(.sdata.*)
 *(.sdata2)
 *(.sdata2.*)
                0x0000000042020000                . = ALIGN (0x4)
                0x0000000042020000                __ram_data_end__ = .

.bss            0x0000000042020000        0x0
                0x0000000042020000                . = ALIGN (0x4)
                0x0000000042020000                __bss_start__ = .
 *(.bss*)
 *(.sbss*)
 *(COMMON)
                0x0000000042020000                . = ALIGN (0x4)
                0x0000000042020000                __bss_end__ = .

.noinit_data    0x0000000042020000        0x0
                0x0000000042020000                . = ALIGN (0x4)
                0x0000000042020000                __noinit_data_start__ = .
 *(.noinit_data*)
                0x0000000042020000                . = ALIGN (0x4)
                0x0000000042020000                __noinit_data_end__ = .

.heap           0x0000000042020000        0x0
                0x0000000042020000                . = ALIGN (0x4)
                0x0000000042020000                __HeapBase = .
 *(.heap*)
                0x0000000042020000                . = ALIGN (0x4)
                0x0000000042020000                __HeapLimit = .
OUTPUT(/home/ubuntu/dev/bl_iot_sdk/examples/bl602_boot2/build_out/bl602_boot2.elf elf32-littleriscv)

.riscv.attributes
                0x0000000000000000       0x2b
 .riscv.attributes
                0x0000000000000000       0x29 /home/ubuntu/dev/bl_iot_sdk/examples/bl602_boot2/build_out/bl602_std/libbl602_std.a(entry.o)
 .riscv.attributes
                0x0000000000000029       0x2b /home/ubuntu/dev/bl_iot_sdk/examples/bl602_boot2/build_out/bl602_std/libbl602_std.a(start_load.o)
 .riscv.attributes
                0x0000000000000054       0x2b /home/ubuntu/dev/bl_iot_sdk/examples/bl602_boot2/build_out/bl602_std/libbl602_std.a(system_bl602.o)
 .riscv.attributes
                0x000000000000007f       0x2b /home/ubuntu/dev/bl_iot_sdk/examples/bl602_boot2/build_out/bl602_std/libbl602_std.a(bl602_glb.o)
 .riscv.attributes
                0x00000000000000aa       0x2b /home/ubuntu/dev/bl_iot_sdk/examples/bl602_boot2/build_out/bl602_std/libbl602_std.a(bl602_hbn.o)
 .riscv.attributes
                0x00000000000000d5       0x2b /home/ubuntu/dev/bl_iot_sdk/examples/bl602_boot2/build_out/bl602_std/libbl602_std.a(bl602_mfg_flash.o)

.comment        0x0000000000000000       0x28
 .comment       0x0000000000000000       0x28 /home/ubuntu/dev/bl_iot_sdk/examples/bl602_boot2/build_out/bl602_std/libbl602_std.a(start_load.o)
                                         0x29 (size before relaxing)
 .comment       0x0000000000000028       0x29 /home/ubuntu/dev/bl_iot_sdk/examples/bl602_boot2/build_out/bl602_std/libbl602_std.a(system_bl602.o)
 .comment       0x0000000000000028       0x29 /home/ubuntu/dev/bl_iot_sdk/examples/bl602_boot2/build_out/bl602_std/libbl602_std.a(bl602_glb.o)
 .comment       0x0000000000000028       0x29 /home/ubuntu/dev/bl_iot_sdk/examples/bl602_boot2/build_out/bl602_std/libbl602_std.a(bl602_hbn.o)
 .comment       0x0000000000000028       0x29 /home/ubuntu/dev/bl_iot_sdk/examples/bl602_boot2/build_out/bl602_std/libbl602_std.a(bl602_mfg_flash.o)

.debug_line     0x0000000000000000     0x75ed
 .debug_line    0x0000000000000000      0x183 /home/ubuntu/dev/bl_iot_sdk/examples/bl602_boot2/build_out/bl602_std/libbl602_std.a(entry.o)
 .debug_line    0x0000000000000183      0x356 /home/ubuntu/dev/bl_iot_sdk/examples/bl602_boot2/build_out/bl602_std/libbl602_std.a(start_load.o)
 .debug_line    0x00000000000004d9      0x4d7 /home/ubuntu/dev/bl_iot_sdk/examples/bl602_boot2/build_out/bl602_std/libbl602_std.a(system_bl602.o)
 .debug_line    0x00000000000009b0     0x3a8a /home/ubuntu/dev/bl_iot_sdk/examples/bl602_boot2/build_out/bl602_std/libbl602_std.a(bl602_glb.o)
 .debug_line    0x000000000000443a     0x2255 /home/ubuntu/dev/bl_iot_sdk/examples/bl602_boot2/build_out/bl602_std/libbl602_std.a(bl602_hbn.o)
 .debug_line    0x000000000000668f      0xf5e /home/ubuntu/dev/bl_iot_sdk/examples/bl602_boot2/build_out/bl602_std/libbl602_std.a(bl602_mfg_flash.o)

.debug_info     0x0000000000000000     0x7245
 .debug_info    0x0000000000000000       0x22 /home/ubuntu/dev/bl_iot_sdk/examples/bl602_boot2/build_out/bl602_std/libbl602_std.a(entry.o)
 .debug_info    0x0000000000000022      0x1d5 /home/ubuntu/dev/bl_iot_sdk/examples/bl602_boot2/build_out/bl602_std/libbl602_std.a(start_load.o)
 .debug_info    0x00000000000001f7      0xcd5 /home/ubuntu/dev/bl_iot_sdk/examples/bl602_boot2/build_out/bl602_std/libbl602_std.a(system_bl602.o)
 .debug_info    0x0000000000000ecc     0x29ed /home/ubuntu/dev/bl_iot_sdk/examples/bl602_boot2/build_out/bl602_std/libbl602_std.a(bl602_glb.o)
 .debug_info    0x00000000000038b9     0x2302 /home/ubuntu/dev/bl_iot_sdk/examples/bl602_boot2/build_out/bl602_std/libbl602_std.a(bl602_hbn.o)
 .debug_info    0x0000000000005bbb     0x168a /home/ubuntu/dev/bl_iot_sdk/examples/bl602_boot2/build_out/bl602_std/libbl602_std.a(bl602_mfg_flash.o)

.debug_abbrev   0x0000000000000000      0xdea
 .debug_abbrev  0x0000000000000000       0x12 /home/ubuntu/dev/bl_iot_sdk/examples/bl602_boot2/build_out/bl602_std/libbl602_std.a(entry.o)
 .debug_abbrev  0x0000000000000012       0x91 /home/ubuntu/dev/bl_iot_sdk/examples/bl602_boot2/build_out/bl602_std/libbl602_std.a(start_load.o)
 .debug_abbrev  0x00000000000000a3      0x2ae /home/ubuntu/dev/bl_iot_sdk/examples/bl602_boot2/build_out/bl602_std/libbl602_std.a(system_bl602.o)
 .debug_abbrev  0x0000000000000351      0x3d2 /home/ubuntu/dev/bl_iot_sdk/examples/bl602_boot2/build_out/bl602_std/libbl602_std.a(bl602_glb.o)
 .debug_abbrev  0x0000000000000723      0x37e /home/ubuntu/dev/bl_iot_sdk/examples/bl602_boot2/build_out/bl602_std/libbl602_std.a(bl602_hbn.o)
 .debug_abbrev  0x0000000000000aa1      0x349 /home/ubuntu/dev/bl_iot_sdk/examples/bl602_boot2/build_out/bl602_std/libbl602_std.a(bl602_mfg_flash.o)

.debug_aranges  0x0000000000000000      0x578
 .debug_aranges
                0x0000000000000000       0x30 /home/ubuntu/dev/bl_iot_sdk/examples/bl602_boot2/build_out/bl602_std/libbl602_std.a(entry.o)
 .debug_aranges
                0x0000000000000030       0x20 /home/ubuntu/dev/bl_iot_sdk/examples/bl602_boot2/build_out/bl602_std/libbl602_std.a(start_load.o)
 .debug_aranges
                0x0000000000000050       0x30 /home/ubuntu/dev/bl_iot_sdk/examples/bl602_boot2/build_out/bl602_std/libbl602_std.a(system_bl602.o)
 .debug_aranges
                0x0000000000000080      0x288 /home/ubuntu/dev/bl_iot_sdk/examples/bl602_boot2/build_out/bl602_std/libbl602_std.a(bl602_glb.o)
 .debug_aranges
                0x0000000000000308      0x1f8 /home/ubuntu/dev/bl_iot_sdk/examples/bl602_boot2/build_out/bl602_std/libbl602_std.a(bl602_hbn.o)
 .debug_aranges
                0x0000000000000500       0x78 /home/ubuntu/dev/bl_iot_sdk/examples/bl602_boot2/build_out/bl602_std/libbl602_std.a(bl602_mfg_flash.o)

.debug_str      0x0000000000000000     0x3b07
 .debug_str     0x0000000000000000       0xc2 /home/ubuntu/dev/bl_iot_sdk/examples/bl602_boot2/build_out/bl602_std/libbl602_std.a(entry.o)
 .debug_str     0x00000000000000c2      0x32b /home/ubuntu/dev/bl_iot_sdk/examples/bl602_boot2/build_out/bl602_std/libbl602_std.a(start_load.o)
                                        0x3a9 (size before relaxing)
 .debug_str     0x00000000000003ed      0x8da /home/ubuntu/dev/bl_iot_sdk/examples/bl602_boot2/build_out/bl602_std/libbl602_std.a(system_bl602.o)
                                        0xab2 (size before relaxing)
 .debug_str     0x0000000000000cc7     0x187c /home/ubuntu/dev/bl_iot_sdk/examples/bl602_boot2/build_out/bl602_std/libbl602_std.a(bl602_glb.o)
                                       0x1eae (size before relaxing)
 .debug_str     0x0000000000002543     0x10a7 /home/ubuntu/dev/bl_iot_sdk/examples/bl602_boot2/build_out/bl602_std/libbl602_std.a(bl602_hbn.o)
                                       0x1936 (size before relaxing)
 .debug_str     0x00000000000035ea      0x51d /home/ubuntu/dev/bl_iot_sdk/examples/bl602_boot2/build_out/bl602_std/libbl602_std.a(bl602_mfg_flash.o)
                                        0xee7 (size before relaxing)

.debug_ranges   0x0000000000000000      0x550
 .debug_ranges  0x0000000000000000       0x28 /home/ubuntu/dev/bl_iot_sdk/examples/bl602_boot2/build_out/bl602_std/libbl602_std.a(entry.o)
 .debug_ranges  0x0000000000000028       0x10 /home/ubuntu/dev/bl_iot_sdk/examples/bl602_boot2/build_out/bl602_std/libbl602_std.a(start_load.o)
 .debug_ranges  0x0000000000000038       0x20 /home/ubuntu/dev/bl_iot_sdk/examples/bl602_boot2/build_out/bl602_std/libbl602_std.a(system_bl602.o)
 .debug_ranges  0x0000000000000058      0x2a8 /home/ubuntu/dev/bl_iot_sdk/examples/bl602_boot2/build_out/bl602_std/libbl602_std.a(bl602_glb.o)
 .debug_ranges  0x0000000000000300      0x1e8 /home/ubuntu/dev/bl_iot_sdk/examples/bl602_boot2/build_out/bl602_std/libbl602_std.a(bl602_hbn.o)
 .debug_ranges  0x00000000000004e8       0x68 /home/ubuntu/dev/bl_iot_sdk/examples/bl602_boot2/build_out/bl602_std/libbl602_std.a(bl602_mfg_flash.o)

.debug_loc      0x0000000000000000     0x2fe3
 .debug_loc     0x0000000000000000       0x7e /home/ubuntu/dev/bl_iot_sdk/examples/bl602_boot2/build_out/bl602_std/libbl602_std.a(start_load.o)
 .debug_loc     0x000000000000007e       0x49 /home/ubuntu/dev/bl_iot_sdk/examples/bl602_boot2/build_out/bl602_std/libbl602_std.a(system_bl602.o)
 .debug_loc     0x00000000000000c7     0x1b1b /home/ubuntu/dev/bl_iot_sdk/examples/bl602_boot2/build_out/bl602_std/libbl602_std.a(bl602_glb.o)
 .debug_loc     0x0000000000001be2     0x1008 /home/ubuntu/dev/bl_iot_sdk/examples/bl602_boot2/build_out/bl602_std/libbl602_std.a(bl602_hbn.o)
 .debug_loc     0x0000000000002bea      0x3f9 /home/ubuntu/dev/bl_iot_sdk/examples/bl602_boot2/build_out/bl602_std/libbl602_std.a(bl602_mfg_flash.o)

.debug_frame    0x0000000000000000      0xc74
 .debug_frame   0x0000000000000000       0x20 /home/ubuntu/dev/bl_iot_sdk/examples/bl602_boot2/build_out/bl602_std/libbl602_std.a(start_load.o)
 .debug_frame   0x0000000000000020       0x58 /home/ubuntu/dev/bl_iot_sdk/examples/bl602_boot2/build_out/bl602_std/libbl602_std.a(system_bl602.o)
 .debug_frame   0x0000000000000078      0x574 /home/ubuntu/dev/bl_iot_sdk/examples/bl602_boot2/build_out/bl602_std/libbl602_std.a(bl602_glb.o)
 .debug_frame   0x00000000000005ec      0x48c /home/ubuntu/dev/bl_iot_sdk/examples/bl602_boot2/build_out/bl602_std/libbl602_std.a(bl602_hbn.o)
 .debug_frame   0x0000000000000a78      0x1fc /home/ubuntu/dev/bl_iot_sdk/examples/bl602_boot2/build_out/bl602_std/libbl602_std.a(bl602_mfg_flash.o)

Cross Reference Table

Symbol                                            File
AON_Get_Xtal_CapCode                              /home/ubuntu/dev/bl_iot_sdk/examples/bl602_boot2/build_out/bl602_std/libbl602_std.a(bl602_romapi.o)
                                                  /home/ubuntu/dev/bl_iot_sdk/examples/bl602_boot2/build_out/bl602_std/libbl602_std.a(bl602_aon.o)
AON_LowPower_Enter_PDS0                           /home/ubuntu/dev/bl_iot_sdk/examples/bl602_boot2/build_out/bl602_std/libbl602_std.a(bl602_romapi.o)
                                                  /home/ubuntu/dev/bl_iot_sdk/examples/bl602_boot2/build_out/bl602_std/libbl602_std.a(bl602_aon.o)
AON_LowPower_Exit_PDS0                            /home/ubuntu/dev/bl_iot_sdk/examples/bl602_boot2/build_out/bl602_std/libbl602_std.a(bl602_romapi.o)
                                                  /home/ubuntu/dev/bl_iot_sdk/examples/bl602_boot2/build_out/bl602_std/libbl602_std.a(bl602_aon.o)
AON_Power_Off_BG                                  /home/ubuntu/dev/bl_iot_sdk/examples/bl602_boot2/build_out/bl602_std/libbl602_std.a(bl602_romapi.o)
                                                  /home/ubuntu/dev/bl_iot_sdk/examples/bl602_boot2/build_out/bl602_std/libbl602_std.a(bl602_aon.o)
AON_Power_Off_LDO11_SOC                           /home/ubuntu/dev/bl_iot_sdk/examples/bl602_boot2/build_out/bl602_std/libbl602_std.a(bl602_romapi.o)
                                                  /home/ubuntu/dev/bl_iot_sdk/examples/bl602_boot2/build_out/bl602_std/libbl602_std.a(bl602_aon.o)
AON_Power_Off_LDO15_RF                            /home/ubuntu/dev/bl_iot_sdk/examples/bl602_boot2/build_out/bl602_std/libbl602_std.a(bl602_romapi.o)
                                                  /home/ubuntu/dev/bl_iot_sdk/examples/bl602_boot2/build_out/bl602_std/libbl602_std.a(bl602_aon.o)
AON_Power_Off_MBG                                 /home/ubuntu/dev/bl_iot_sdk/examples/bl602_boot2/build_out/bl602_std/libbl602_std.a(bl602_romapi.o)
                                                  /home/ubuntu/dev/bl_iot_sdk/examples/bl602_boot2/build_out/bl602_std/libbl602_std.a(bl602_aon.o)
AON_Power_Off_SFReg                               /home/ubuntu/dev/bl_iot_sdk/examples/bl602_boot2/build_out/bl602_std/libbl602_std.a(bl602_romapi.o)
                                                  /home/ubuntu/dev/bl_iot_sdk/examples/bl602_boot2/build_out/bl602_std/libbl602_std.a(bl602_aon.o)
AON_Power_Off_XTAL                                /home/ubuntu/dev/bl_iot_sdk/examples/bl602_boot2/build_out/bl602_std/libbl602_std.a(bl602_romapi.o)
                                                  /home/ubuntu/dev/bl_iot_sdk/examples/bl602_boot2/build_out/bl602_std/libbl602_std.a(bl602_aon.o)
AON_Power_On_BG                                   /home/ubuntu/dev/bl_iot_sdk/examples/bl602_boot2/build_out/bl602_std/libbl602_std.a(bl602_romapi.o)
                                                  /home/ubuntu/dev/bl_iot_sdk/examples/bl602_boot2/build_out/bl602_std/libbl602_std.a(bl602_aon.o)
AON_Power_On_LDO11_SOC                            /home/ubuntu/dev/bl_iot_sdk/examples/bl602_boot2/build_out/bl602_std/libbl602_std.a(bl602_romapi.o)
                                                  /home/ubuntu/dev/bl_iot_sdk/examples/bl602_boot2/build_out/bl602_std/libbl602_std.a(bl602_aon.o)
AON_Power_On_LDO15_RF                             /home/ubuntu/dev/bl_iot_sdk/examples/bl602_boot2/build_out/bl602_std/libbl602_std.a(bl602_romapi.o)
                                                  /home/ubuntu/dev/bl_iot_sdk/examples/bl602_boot2/build_out/bl602_std/libbl602_std.a(bl602_aon.o)
AON_Power_On_MBG                                  /home/ubuntu/dev/bl_iot_sdk/examples/bl602_boot2/build_out/bl602_std/libbl602_std.a(bl602_romapi.o)
                                                  /home/ubuntu/dev/bl_iot_sdk/examples/bl602_boot2/build_out/bl602_std/libbl602_std.a(bl602_aon.o)
AON_Power_On_SFReg                                /home/ubuntu/dev/bl_iot_sdk/examples/bl602_boot2/build_out/bl602_std/libbl602_std.a(bl602_romapi.o)
                                                  /home/ubuntu/dev/bl_iot_sdk/examples/bl602_boot2/build_out/bl602_std/libbl602_std.a(bl602_aon.o)
AON_Power_On_XTAL                                 /home/ubuntu/dev/bl_iot_sdk/examples/bl602_boot2/build_out/bl602_std/libbl602_std.a(bl602_romapi.o)
                                                  /home/ubuntu/dev/bl_iot_sdk/examples/bl602_boot2/build_out/bl602_std/libbl602_std.a(bl602_aon.o)
                                                  /home/ubuntu/dev/bl_iot_sdk/examples/bl602_boot2/build_out/bl602_std/libbl602_std.a(bl602_glb.o)
AON_Set_LDO11_SOC_Sstart_Delay                    /home/ubuntu/dev/bl_iot_sdk/examples/bl602_boot2/build_out/bl602_std/libbl602_std.a(bl602_aon.o)
AON_Set_Xtal_CapCode                              /home/ubuntu/dev/bl_iot_sdk/examples/bl602_boot2/build_out/bl602_std/libbl602_std.a(bl602_romapi.o)
                                                  /home/ubuntu/dev/bl_iot_sdk/examples/bl602_boot2/build_out/bl602_std/libbl602_std.a(bl602_aon.o)
ASM_Delay_Us                                      /home/ubuntu/dev/bl_iot_sdk/examples/bl602_boot2/build_out/bl602_std/libbl602_std.a(bl602_romapi.o)
BFLB_Soft_CRC16                                   /home/ubuntu/dev/bl_iot_sdk/examples/bl602_boot2/build_out/bl602_std/libbl602_std.a(softcrc.o)
BFLB_Soft_CRC32                                   /home/ubuntu/dev/bl_iot_sdk/examples/bl602_boot2/build_out/bl602_std/libbl602_std.a(bl602_romapi.o)
                                                  /home/ubuntu/dev/bl_iot_sdk/examples/bl602_boot2/build_out/bl602_std/libbl602_std.a(softcrc.o)
                                                  /home/ubuntu/dev/bl_iot_sdk/examples/bl602_boot2/build_out/bl602_std/libbl602_std.a(partition.o)
                                                  /home/ubuntu/dev/bl_iot_sdk/examples/bl602_boot2/build_out/bl602_std/libbl602_std.a(bl602_mfg_flash.o)
BFLB_Soft_CRC32_Table                             /home/ubuntu/dev/bl_iot_sdk/examples/bl602_boot2/build_out/bl602_std/libbl602_std.a(softcrc.o)
BL602_Delay_MS                                    /home/ubuntu/dev/bl_iot_sdk/examples/bl602_boot2/build_out/bl602_std/libbl602_std.a(bl602_romapi.o)
                                                  /home/ubuntu/dev/bl_iot_sdk/examples/bl602_boot2/build_out/bl602_std/libbl602_std.a(bl602_hbn.o)
BL602_Delay_US                                    /home/ubuntu/dev/bl_iot_sdk/examples/bl602_boot2/build_out/bl602_std/libbl602_std.a(bl602_romapi.o)
                                                  /home/ubuntu/dev/bl_iot_sdk/examples/bl602_boot2/build_out/bl602_std/libbl602_std.a(bl602_ef_ctrl.o)
                                                  /home/ubuntu/dev/bl_iot_sdk/examples/bl602_boot2/build_out/bl602_std/libbl602_std.a(bl602_pds.o)
                                                  /home/ubuntu/dev/bl_iot_sdk/examples/bl602_boot2/build_out/bl602_std/libbl602_std.a(bl602_aon.o)
                                                  /home/ubuntu/dev/bl_iot_sdk/examples/bl602_boot2/build_out/bl602_std/libbl602_std.a(bl602_hbn.o)
                                                  /home/ubuntu/dev/bl_iot_sdk/examples/bl602_boot2/build_out/bl602_std/libbl602_std.a(bl602_glb.o)
BL602_MemCmp                                      /home/ubuntu/dev/bl_iot_sdk/examples/bl602_boot2/build_out/bl602_std/libbl602_std.a(bl602_romapi.o)
BL602_MemCpy                                      /home/ubuntu/dev/bl_iot_sdk/examples/bl602_boot2/build_out/bl602_std/libbl602_std.a(bl602_romapi.o)
BL602_MemCpy4                                     /home/ubuntu/dev/bl_iot_sdk/examples/bl602_boot2/build_out/bl602_std/libbl602_std.a(bl602_romapi.o)
                                                  /home/ubuntu/dev/bl_iot_sdk/examples/bl602_boot2/build_out/bl602_std/libbl602_std.a(bl602_ef_ctrl.o)
BL602_MemCpy_Fast                                 /home/ubuntu/dev/bl_iot_sdk/examples/bl602_boot2/build_out/bl602_std/libbl602_std.a(bl602_romapi.o)
                                                  /home/ubuntu/dev/bl_iot_sdk/examples/bl602_boot2/build_out/bl602_std/libbl602_std.a(partition.o)
BL602_MemSet                                      /home/ubuntu/dev/bl_iot_sdk/examples/bl602_boot2/build_out/bl602_std/libbl602_std.a(bl602_romapi.o)
BL602_MemSet4                                     /home/ubuntu/dev/bl_iot_sdk/examples/bl602_boot2/build_out/bl602_std/libbl602_std.a(bl602_romapi.o)
BMX_ERR_INT_Callback_Install                      /home/ubuntu/dev/bl_iot_sdk/examples/bl602_boot2/build_out/bl602_std/libbl602_std.a(bl602_glb.o)
BMX_TIMEOUT_INT_Callback_Install                  /home/ubuntu/dev/bl_iot_sdk/examples/bl602_boot2/build_out/bl602_std/libbl602_std.a(bl602_glb.o)
EF_Ctrl_AutoLoad_Done                             /home/ubuntu/dev/bl_iot_sdk/examples/bl602_boot2/build_out/bl602_std/libbl602_std.a(bl602_romapi.o)
                                                  /home/ubuntu/dev/bl_iot_sdk/examples/bl602_boot2/build_out/bl602_std/libbl602_std.a(bl602_ef_ctrl.o)
EF_Ctrl_Busy                                      /home/ubuntu/dev/bl_iot_sdk/examples/bl602_boot2/build_out/bl602_std/libbl602_std.a(bl602_romapi.o)
                                                  /home/ubuntu/dev/bl_iot_sdk/examples/bl602_boot2/build_out/bl602_std/libbl602_std.a(bl602_ef_ctrl.o)
EF_Ctrl_Clear                                     /home/ubuntu/dev/bl_iot_sdk/examples/bl602_boot2/build_out/bl602_std/libbl602_std.a(bl602_romapi.o)
                                                  /home/ubuntu/dev/bl_iot_sdk/examples/bl602_boot2/build_out/bl602_std/libbl602_std.a(bl602_ef_ctrl.o)
EF_Ctrl_Crc_Enable                                /home/ubuntu/dev/bl_iot_sdk/examples/bl602_boot2/build_out/bl602_std/libbl602_std.a(bl602_ef_ctrl.o)
EF_Ctrl_Crc_Is_Busy                               /home/ubuntu/dev/bl_iot_sdk/examples/bl602_boot2/build_out/bl602_std/libbl602_std.a(bl602_ef_ctrl.o)
EF_Ctrl_Crc_Result                                /home/ubuntu/dev/bl_iot_sdk/examples/bl602_boot2/build_out/bl602_std/libbl602_std.a(bl602_ef_ctrl.o)
EF_Ctrl_Crc_Set_Golden                            /home/ubuntu/dev/bl_iot_sdk/examples/bl602_boot2/build_out/bl602_std/libbl602_std.a(bl602_ef_ctrl.o)
EF_Ctrl_Get_Trim_Enable                           /home/ubuntu/dev/bl_iot_sdk/examples/bl602_boot2/build_out/bl602_std/libbl602_std.a(bl602_ef_ctrl.o)
EF_Ctrl_Get_Trim_Parity                           /home/ubuntu/dev/bl_iot_sdk/examples/bl602_boot2/build_out/bl602_std/libbl602_std.a(bl602_romapi.o)
                                                  /home/ubuntu/dev/bl_iot_sdk/examples/bl602_boot2/build_out/bl602_std/libbl602_std.a(bl602_ef_ctrl.o)
                                                  /home/ubuntu/dev/bl_iot_sdk/examples/bl602_boot2/build_out/bl602_std/libbl602_std.a(bl602_pds.o)
                                                  /home/ubuntu/dev/bl_iot_sdk/examples/bl602_boot2/build_out/bl602_std/libbl602_std.a(bl602_hbn.o)
EF_Ctrl_Is_All_Bits_Zero                          /home/ubuntu/dev/bl_iot_sdk/examples/bl602_boot2/build_out/bl602_std/libbl602_std.a(bl602_ef_ctrl.o)
EF_Ctrl_Is_CapCode_Slot_Empty                     /home/ubuntu/dev/bl_iot_sdk/examples/bl602_boot2/build_out/bl602_std/libbl602_std.a(bl602_ef_ctrl.o)
EF_Ctrl_Is_MAC_Address_Slot_Empty                 /home/ubuntu/dev/bl_iot_sdk/examples/bl602_boot2/build_out/bl602_std/libbl602_std.a(bl602_ef_ctrl.o)
EF_Ctrl_Is_PowerOffset_Slot_Empty                 /home/ubuntu/dev/bl_iot_sdk/examples/bl602_boot2/build_out/bl602_std/libbl602_std.a(bl602_ef_ctrl.o)
EF_Ctrl_Load_Efuse_R0                             /home/ubuntu/dev/bl_iot_sdk/examples/bl602_boot2/build_out/bl602_std/libbl602_std.a(bl602_romapi.o)
                                                  /home/ubuntu/dev/bl_iot_sdk/examples/bl602_boot2/build_out/bl602_std/libbl602_std.a(bl602_ef_ctrl.o)
EF_Ctrl_Program_Direct_R0                         /home/ubuntu/dev/bl_iot_sdk/examples/bl602_boot2/build_out/bl602_std/libbl602_std.a(bl602_ef_ctrl.o)
EF_Ctrl_Program_Efuse_0                           /home/ubuntu/dev/bl_iot_sdk/examples/bl602_boot2/build_out/bl602_std/libbl602_std.a(bl602_romapi.o)
                                                  /home/ubuntu/dev/bl_iot_sdk/examples/bl602_boot2/build_out/bl602_std/libbl602_std.a(bl602_ef_ctrl.o)
EF_Ctrl_Read_ADC_Gain_Trim                        /home/ubuntu/dev/bl_iot_sdk/examples/bl602_boot2/build_out/bl602_std/libbl602_std.a(bl602_ef_ctrl.o)
EF_Ctrl_Read_AES_Key                              /home/ubuntu/dev/bl_iot_sdk/examples/bl602_boot2/build_out/bl602_std/libbl602_std.a(bl602_ef_ctrl.o)
EF_Ctrl_Read_Ana_Trim                             /home/ubuntu/dev/bl_iot_sdk/examples/bl602_boot2/build_out/bl602_std/libbl602_std.a(bl602_ef_ctrl.o)
EF_Ctrl_Read_CapCode_Opt                          /home/ubuntu/dev/bl_iot_sdk/examples/bl602_boot2/build_out/bl602_std/libbl602_std.a(bl602_ef_ctrl.o)
EF_Ctrl_Read_Chip_ID                              /home/ubuntu/dev/bl_iot_sdk/examples/bl602_boot2/build_out/bl602_std/libbl602_std.a(bl602_ef_ctrl.o)
EF_Ctrl_Read_Dbg_Pwd                              /home/ubuntu/dev/bl_iot_sdk/examples/bl602_boot2/build_out/bl602_std/libbl602_std.a(bl602_ef_ctrl.o)
EF_Ctrl_Read_Device_Info                          /home/ubuntu/dev/bl_iot_sdk/examples/bl602_boot2/build_out/bl602_std/libbl602_std.a(bl602_ef_ctrl.o)
EF_Ctrl_Read_Direct_R0                            /home/ubuntu/dev/bl_iot_sdk/examples/bl602_boot2/build_out/bl602_std/libbl602_std.a(bl602_ef_ctrl.o)
EF_Ctrl_Read_MAC_Address                          /home/ubuntu/dev/bl_iot_sdk/examples/bl602_boot2/build_out/bl602_std/libbl602_std.a(bl602_ef_ctrl.o)
EF_Ctrl_Read_MAC_Address_Opt                      /home/ubuntu/dev/bl_iot_sdk/examples/bl602_boot2/build_out/bl602_std/libbl602_std.a(bl602_ef_ctrl.o)
EF_Ctrl_Read_MAC_Address_Raw                      /home/ubuntu/dev/bl_iot_sdk/examples/bl602_boot2/build_out/bl602_std/libbl602_std.a(bl602_ef_ctrl.o)
EF_Ctrl_Read_PowerOffset_Opt                      /home/ubuntu/dev/bl_iot_sdk/examples/bl602_boot2/build_out/bl602_std/libbl602_std.a(bl602_ef_ctrl.o)
EF_Ctrl_Read_R0                                   /home/ubuntu/dev/bl_iot_sdk/examples/bl602_boot2/build_out/bl602_std/libbl602_std.a(bl602_ef_ctrl.o)
EF_Ctrl_Read_RC32K_Trim                           /home/ubuntu/dev/bl_iot_sdk/examples/bl602_boot2/build_out/bl602_std/libbl602_std.a(bl602_romapi.o)
                                                  /home/ubuntu/dev/bl_iot_sdk/examples/bl602_boot2/build_out/bl602_std/libbl602_std.a(bl602_ef_ctrl.o)
                                                  /home/ubuntu/dev/bl_iot_sdk/examples/bl602_boot2/build_out/bl602_std/libbl602_std.a(bl602_hbn.o)
EF_Ctrl_Read_RC32M_Trim                           /home/ubuntu/dev/bl_iot_sdk/examples/bl602_boot2/build_out/bl602_std/libbl602_std.a(bl602_romapi.o)
                                                  /home/ubuntu/dev/bl_iot_sdk/examples/bl602_boot2/build_out/bl602_std/libbl602_std.a(bl602_ef_ctrl.o)
                                                  /home/ubuntu/dev/bl_iot_sdk/examples/bl602_boot2/build_out/bl602_std/libbl602_std.a(bl602_pds.o)
EF_Ctrl_Read_Secure_Boot                          /home/ubuntu/dev/bl_iot_sdk/examples/bl602_boot2/build_out/bl602_std/libbl602_std.a(bl602_ef_ctrl.o)
EF_Ctrl_Read_Secure_Cfg                           /home/ubuntu/dev/bl_iot_sdk/examples/bl602_boot2/build_out/bl602_std/libbl602_std.a(bl602_ef_ctrl.o)
EF_Ctrl_Read_Sw_Usage                             /home/ubuntu/dev/bl_iot_sdk/examples/bl602_boot2/build_out/bl602_std/libbl602_std.a(bl602_ef_ctrl.o)
EF_Ctrl_Read_TSEN_Trim                            /home/ubuntu/dev/bl_iot_sdk/examples/bl602_boot2/build_out/bl602_std/libbl602_std.a(bl602_ef_ctrl.o)
EF_Ctrl_Readlock_AES_Key                          /home/ubuntu/dev/bl_iot_sdk/examples/bl602_boot2/build_out/bl602_std/libbl602_std.a(bl602_ef_ctrl.o)
EF_Ctrl_Readlock_Dbg_Pwd                          /home/ubuntu/dev/bl_iot_sdk/examples/bl602_boot2/build_out/bl602_std/libbl602_std.a(bl602_ef_ctrl.o)
EF_Ctrl_Sw_AHB_Clk_0                              /home/ubuntu/dev/bl_iot_sdk/examples/bl602_boot2/build_out/bl602_std/libbl602_std.a(bl602_romapi.o)
                                                  /home/ubuntu/dev/bl_iot_sdk/examples/bl602_boot2/build_out/bl602_std/libbl602_std.a(bl602_ef_ctrl.o)
EF_Ctrl_Write_AES_Key                             /home/ubuntu/dev/bl_iot_sdk/examples/bl602_boot2/build_out/bl602_std/libbl602_std.a(bl602_ef_ctrl.o)
EF_Ctrl_Write_Ana_Trim                            /home/ubuntu/dev/bl_iot_sdk/examples/bl602_boot2/build_out/bl602_std/libbl602_std.a(bl602_ef_ctrl.o)
EF_Ctrl_Write_CapCode_Opt                         /home/ubuntu/dev/bl_iot_sdk/examples/bl602_boot2/build_out/bl602_std/libbl602_std.a(bl602_ef_ctrl.o)
EF_Ctrl_Write_Dbg_Pwd                             /home/ubuntu/dev/bl_iot_sdk/examples/bl602_boot2/build_out/bl602_std/libbl602_std.a(bl602_ef_ctrl.o)
EF_Ctrl_Write_MAC_Address                         /home/ubuntu/dev/bl_iot_sdk/examples/bl602_boot2/build_out/bl602_std/libbl602_std.a(bl602_ef_ctrl.o)
EF_Ctrl_Write_MAC_Address_Opt                     /home/ubuntu/dev/bl_iot_sdk/examples/bl602_boot2/build_out/bl602_std/libbl602_std.a(bl602_ef_ctrl.o)
EF_Ctrl_Write_PowerOffset_Opt                     /home/ubuntu/dev/bl_iot_sdk/examples/bl602_boot2/build_out/bl602_std/libbl602_std.a(bl602_ef_ctrl.o)
EF_Ctrl_Write_R0                                  /home/ubuntu/dev/bl_iot_sdk/examples/bl602_boot2/build_out/bl602_std/libbl602_std.a(bl602_ef_ctrl.o)
EF_Ctrl_Write_Secure_Boot                         /home/ubuntu/dev/bl_iot_sdk/examples/bl602_boot2/build_out/bl602_std/libbl602_std.a(bl602_ef_ctrl.o)
EF_Ctrl_Write_Secure_Cfg                          /home/ubuntu/dev/bl_iot_sdk/examples/bl602_boot2/build_out/bl602_std/libbl602_std.a(bl602_ef_ctrl.o)
EF_Ctrl_Write_Sw_Usage                            /home/ubuntu/dev/bl_iot_sdk/examples/bl602_boot2/build_out/bl602_std/libbl602_std.a(bl602_ef_ctrl.o)
EF_Ctrl_Writelock_AES_Key                         /home/ubuntu/dev/bl_iot_sdk/examples/bl602_boot2/build_out/bl602_std/libbl602_std.a(bl602_ef_ctrl.o)
EF_Ctrl_Writelock_Dbg_Pwd                         /home/ubuntu/dev/bl_iot_sdk/examples/bl602_boot2/build_out/bl602_std/libbl602_std.a(bl602_ef_ctrl.o)
EF_Ctrl_Writelock_MAC_Address                     /home/ubuntu/dev/bl_iot_sdk/examples/bl602_boot2/build_out/bl602_std/libbl602_std.a(bl602_ef_ctrl.o)
EF_Ctrl_Writelock_Sw_Usage                        /home/ubuntu/dev/bl_iot_sdk/examples/bl602_boot2/build_out/bl602_std/libbl602_std.a(bl602_ef_ctrl.o)
GLB_AHB_Slave1_Clock_Gate                         /home/ubuntu/dev/bl_iot_sdk/examples/bl602_boot2/build_out/bl602_std/libbl602_std.a(bl602_glb.o)
GLB_AHB_Slave1_Reset                              /home/ubuntu/dev/bl_iot_sdk/examples/bl602_boot2/build_out/bl602_std/libbl602_std.a(bl602_glb.o)
GLB_BMX_Addr_Monitor_Disable                      /home/ubuntu/dev/bl_iot_sdk/examples/bl602_boot2/build_out/bl602_std/libbl602_std.a(bl602_glb.o)
GLB_BMX_Addr_Monitor_Enable                       /home/ubuntu/dev/bl_iot_sdk/examples/bl602_boot2/build_out/bl602_std/libbl602_std.a(bl602_glb.o)
GLB_BMX_BusErrResponse_Disable                    /home/ubuntu/dev/bl_iot_sdk/examples/bl602_boot2/build_out/bl602_std/libbl602_std.a(bl602_glb.o)
GLB_BMX_BusErrResponse_Enable                     /home/ubuntu/dev/bl_iot_sdk/examples/bl602_boot2/build_out/bl602_std/libbl602_std.a(bl602_glb.o)
GLB_BMX_Get_Err_Addr                              /home/ubuntu/dev/bl_iot_sdk/examples/bl602_boot2/build_out/bl602_std/libbl602_std.a(bl602_glb.o)
GLB_BMX_Get_Status                                /home/ubuntu/dev/bl_iot_sdk/examples/bl602_boot2/build_out/bl602_std/libbl602_std.a(bl602_glb.o)
GLB_BMX_Init                                      /home/ubuntu/dev/bl_iot_sdk/examples/bl602_boot2/build_out/bl602_std/libbl602_std.a(bl602_glb.o)
GLB_Clr_GPIO_IntStatus                            /home/ubuntu/dev/bl_iot_sdk/examples/bl602_boot2/build_out/bl602_std/libbl602_std.a(bl602_glb.o)
GLB_Deswap_Flash_Pin                              /home/ubuntu/dev/bl_iot_sdk/examples/bl602_boot2/build_out/bl602_std/libbl602_std.a(bl602_romapi.o)
                                                  /home/ubuntu/dev/bl_iot_sdk/examples/bl602_boot2/build_out/bl602_std/libbl602_std.a(bl602_glb.o)
GLB_GPIO_Func_Init                                /home/ubuntu/dev/bl_iot_sdk/examples/bl602_boot2/build_out/bl602_std/libbl602_std.a(bl602_glb.o)
GLB_GPIO_Get_Fun                                  /home/ubuntu/dev/bl_iot_sdk/examples/bl602_boot2/build_out/bl602_std/libbl602_std.a(bl602_romapi.o)
                                                  /home/ubuntu/dev/bl_iot_sdk/examples/bl602_boot2/build_out/bl602_std/libbl602_std.a(bl602_glb.o)
GLB_GPIO_Get_Real_Fun                             /home/ubuntu/dev/bl_iot_sdk/examples/bl602_boot2/build_out/bl602_std/libbl602_std.a(bl602_glb.o)
GLB_GPIO_INPUT_Disable                            /home/ubuntu/dev/bl_iot_sdk/examples/bl602_boot2/build_out/bl602_std/libbl602_std.a(bl602_glb.o)
GLB_GPIO_INPUT_Enable                             /home/ubuntu/dev/bl_iot_sdk/examples/bl602_boot2/build_out/bl602_std/libbl602_std.a(bl602_glb.o)
GLB_GPIO_INT0_Callback_Install                    /home/ubuntu/dev/bl_iot_sdk/examples/bl602_boot2/build_out/bl602_std/libbl602_std.a(bl602_glb.o)
GLB_GPIO_Init                                     /home/ubuntu/dev/bl_iot_sdk/examples/bl602_boot2/build_out/bl602_std/libbl602_std.a(bl602_romapi.o)
                                                  /home/ubuntu/dev/bl_iot_sdk/examples/bl602_boot2/build_out/bl602_std/libbl602_std.a(bl602_glb.o)
GLB_GPIO_IntClear                                 /home/ubuntu/dev/bl_iot_sdk/examples/bl602_boot2/build_out/bl602_std/libbl602_std.a(bl602_glb.o)
GLB_GPIO_IntMask                                  /home/ubuntu/dev/bl_iot_sdk/examples/bl602_boot2/build_out/bl602_std/libbl602_std.a(bl602_glb.o)
GLB_GPIO_OUTPUT_Disable                           /home/ubuntu/dev/bl_iot_sdk/examples/bl602_boot2/build_out/bl602_std/libbl602_std.a(bl602_romapi.o)
                                                  /home/ubuntu/dev/bl_iot_sdk/examples/bl602_boot2/build_out/bl602_std/libbl602_std.a(bl602_glb.o)
GLB_GPIO_OUTPUT_Enable                            /home/ubuntu/dev/bl_iot_sdk/examples/bl602_boot2/build_out/bl602_std/libbl602_std.a(bl602_romapi.o)
                                                  /home/ubuntu/dev/bl_iot_sdk/examples/bl602_boot2/build_out/bl602_std/libbl602_std.a(bl602_glb.o)
GLB_GPIO_Read                                     /home/ubuntu/dev/bl_iot_sdk/examples/bl602_boot2/build_out/bl602_std/libbl602_std.a(bl602_glb.o)
GLB_GPIO_Set_HZ                                   /home/ubuntu/dev/bl_iot_sdk/examples/bl602_boot2/build_out/bl602_std/libbl602_std.a(bl602_romapi.o)
                                                  /home/ubuntu/dev/bl_iot_sdk/examples/bl602_boot2/build_out/bl602_std/libbl602_std.a(bl602_glb.o)
GLB_GPIO_Write                                    /home/ubuntu/dev/bl_iot_sdk/examples/bl602_boot2/build_out/bl602_std/libbl602_std.a(bl602_glb.o)
GLB_Get_BCLK_Div                                  /home/ubuntu/dev/bl_iot_sdk/examples/bl602_boot2/build_out/bl602_std/libbl602_std.a(bl602_romapi.o)
                                                  /home/ubuntu/dev/bl_iot_sdk/examples/bl602_boot2/build_out/bl602_std/libbl602_std.a(bl602_glb.o)
GLB_Get_GPIO_IntCtlMod                            /home/ubuntu/dev/bl_iot_sdk/examples/bl602_boot2/build_out/bl602_std/libbl602_std.a(bl602_glb.o)
GLB_Get_GPIO_IntStatus                            /home/ubuntu/dev/bl_iot_sdk/examples/bl602_boot2/build_out/bl602_std/libbl602_std.a(bl602_glb.o)
GLB_Get_HCLK_Div                                  /home/ubuntu/dev/bl_iot_sdk/examples/bl602_boot2/build_out/bl602_std/libbl602_std.a(bl602_romapi.o)
                                                  /home/ubuntu/dev/bl_iot_sdk/examples/bl602_boot2/build_out/bl602_std/libbl602_std.a(bl602_glb.o)
GLB_Get_Root_CLK_Sel                              /home/ubuntu/dev/bl_iot_sdk/examples/bl602_boot2/build_out/bl602_std/libbl602_std.a(bl602_romapi.o)
                                                  /home/ubuntu/dev/bl_iot_sdk/examples/bl602_boot2/build_out/bl602_std/libbl602_std.a(bl602_glb.o)
GLB_Get_SRAM_PARM                                 /home/ubuntu/dev/bl_iot_sdk/examples/bl602_boot2/build_out/bl602_std/libbl602_std.a(bl602_glb.o)
GLB_Get_SRAM_RET                                  /home/ubuntu/dev/bl_iot_sdk/examples/bl602_boot2/build_out/bl602_std/libbl602_std.a(bl602_glb.o)
GLB_Get_SRAM_SLP                                  /home/ubuntu/dev/bl_iot_sdk/examples/bl602_boot2/build_out/bl602_std/libbl602_std.a(bl602_glb.o)
GLB_IR_LED_Driver_Disable                         /home/ubuntu/dev/bl_iot_sdk/examples/bl602_boot2/build_out/bl602_std/libbl602_std.a(bl602_glb.o)
GLB_IR_LED_Driver_Enable                          /home/ubuntu/dev/bl_iot_sdk/examples/bl602_boot2/build_out/bl602_std/libbl602_std.a(bl602_glb.o)
GLB_IR_LED_Driver_Ibias                           /home/ubuntu/dev/bl_iot_sdk/examples/bl602_boot2/build_out/bl602_std/libbl602_std.a(bl602_glb.o)
GLB_IR_RX_GPIO_Sel                                /home/ubuntu/dev/bl_iot_sdk/examples/bl602_boot2/build_out/bl602_std/libbl602_std.a(bl602_glb.o)
GLB_JTAG_Sig_Swap_Set                             /home/ubuntu/dev/bl_iot_sdk/examples/bl602_boot2/build_out/bl602_std/libbl602_std.a(bl602_glb.o)
                                                  /home/ubuntu/dev/bl_iot_sdk/examples/bl602_boot2/build_out/bl602_std/libbl602_std.a(system_bl602.o)
GLB_Platform_Wakeup_Disable                       /home/ubuntu/dev/bl_iot_sdk/examples/bl602_boot2/build_out/bl602_std/libbl602_std.a(bl602_glb.o)
GLB_Platform_Wakeup_Enable                        /home/ubuntu/dev/bl_iot_sdk/examples/bl602_boot2/build_out/bl602_std/libbl602_std.a(bl602_glb.o)
GLB_SW_CPU_Reset                                  /home/ubuntu/dev/bl_iot_sdk/examples/bl602_boot2/build_out/bl602_std/libbl602_std.a(bl602_romapi.o)
                                                  /home/ubuntu/dev/bl_iot_sdk/examples/bl602_boot2/build_out/bl602_std/libbl602_std.a(bl602_glb.o)
GLB_SW_POR_Reset                                  /home/ubuntu/dev/bl_iot_sdk/examples/bl602_boot2/build_out/bl602_std/libbl602_std.a(bl602_romapi.o)
                                                  /home/ubuntu/dev/bl_iot_sdk/examples/bl602_boot2/build_out/bl602_std/libbl602_std.a(bl602_glb.o)
GLB_SW_System_Reset                               /home/ubuntu/dev/bl_iot_sdk/examples/bl602_boot2/build_out/bl602_std/libbl602_std.a(bl602_romapi.o)
                                                  /home/ubuntu/dev/bl_iot_sdk/examples/bl602_boot2/build_out/bl602_std/libbl602_std.a(bl602_glb.o)
GLB_Select_External_Flash                         /home/ubuntu/dev/bl_iot_sdk/examples/bl602_boot2/build_out/bl602_std/libbl602_std.a(bl602_romapi.o)
                                                  /home/ubuntu/dev/bl_iot_sdk/examples/bl602_boot2/build_out/bl602_std/libbl602_std.a(bl602_glb.o)
GLB_Select_Internal_Flash                         /home/ubuntu/dev/bl_iot_sdk/examples/bl602_boot2/build_out/bl602_std/libbl602_std.a(bl602_romapi.o)
                                                  /home/ubuntu/dev/bl_iot_sdk/examples/bl602_boot2/build_out/bl602_std/libbl602_std.a(bl602_glb.o)
GLB_Set_ADC_CLK                                   /home/ubuntu/dev/bl_iot_sdk/examples/bl602_boot2/build_out/bl602_std/libbl602_std.a(bl602_glb.o)
GLB_Set_BLE_CLK                                   /home/ubuntu/dev/bl_iot_sdk/examples/bl602_boot2/build_out/bl602_std/libbl602_std.a(bl602_glb.o)
GLB_Set_BT_Coex_Signal                            /home/ubuntu/dev/bl_iot_sdk/examples/bl602_boot2/build_out/bl602_std/libbl602_std.a(bl602_glb.o)
GLB_Set_DAC_CLK                                   /home/ubuntu/dev/bl_iot_sdk/examples/bl602_boot2/build_out/bl602_std/libbl602_std.a(bl602_glb.o)
GLB_Set_DIG_32K_CLK                               /home/ubuntu/dev/bl_iot_sdk/examples/bl602_boot2/build_out/bl602_std/libbl602_std.a(bl602_glb.o)
GLB_Set_DIG_512K_CLK                              /home/ubuntu/dev/bl_iot_sdk/examples/bl602_boot2/build_out/bl602_std/libbl602_std.a(bl602_glb.o)
GLB_Set_DIG_CLK_Sel                               /home/ubuntu/dev/bl_iot_sdk/examples/bl602_boot2/build_out/bl602_std/libbl602_std.a(bl602_glb.o)
GLB_Set_DMA_CLK                                   /home/ubuntu/dev/bl_iot_sdk/examples/bl602_boot2/build_out/bl602_std/libbl602_std.a(bl602_glb.o)
GLB_Set_EM_Sel                                    /home/ubuntu/dev/bl_iot_sdk/examples/bl602_boot2/build_out/bl602_std/libbl602_std.a(bl602_glb.o)
                                                  /home/ubuntu/dev/bl_iot_sdk/examples/bl602_boot2/build_out/bl602_std/libbl602_std.a(system_bl602.o)
GLB_Set_GPIO_IntMod                               /home/ubuntu/dev/bl_iot_sdk/examples/bl602_boot2/build_out/bl602_std/libbl602_std.a(bl602_glb.o)
GLB_Set_I2C_CLK                                   /home/ubuntu/dev/bl_iot_sdk/examples/bl602_boot2/build_out/bl602_std/libbl602_std.a(bl602_glb.o)
GLB_Set_IR_CLK                                    /home/ubuntu/dev/bl_iot_sdk/examples/bl602_boot2/build_out/bl602_std/libbl602_std.a(bl602_glb.o)
GLB_Set_MTimer_CLK                                /home/ubuntu/dev/bl_iot_sdk/examples/bl602_boot2/build_out/bl602_std/libbl602_std.a(bl602_glb.o)
GLB_Set_PKA_CLK_Sel                               /home/ubuntu/dev/bl_iot_sdk/examples/bl602_boot2/build_out/bl602_std/libbl602_std.a(bl602_romapi.o)
                                                  /home/ubuntu/dev/bl_iot_sdk/examples/bl602_boot2/build_out/bl602_std/libbl602_std.a(bl602_glb.o)
GLB_Set_SF_CLK                                    /home/ubuntu/dev/bl_iot_sdk/examples/bl602_boot2/build_out/bl602_std/libbl602_std.a(bl602_romapi.o)
                                                  /home/ubuntu/dev/bl_iot_sdk/examples/bl602_boot2/build_out/bl602_std/libbl602_std.a(bl602_glb.o)
GLB_Set_SPI_0_ACT_MOD_Sel                         /home/ubuntu/dev/bl_iot_sdk/examples/bl602_boot2/build_out/bl602_std/libbl602_std.a(bl602_glb.o)
GLB_Set_SPI_CLK                                   /home/ubuntu/dev/bl_iot_sdk/examples/bl602_boot2/build_out/bl602_std/libbl602_std.a(bl602_glb.o)
GLB_Set_SRAM_PARM                                 /home/ubuntu/dev/bl_iot_sdk/examples/bl602_boot2/build_out/bl602_std/libbl602_std.a(bl602_glb.o)
GLB_Set_SRAM_RET                                  /home/ubuntu/dev/bl_iot_sdk/examples/bl602_boot2/build_out/bl602_std/libbl602_std.a(bl602_glb.o)
GLB_Set_SRAM_SLP                                  /home/ubuntu/dev/bl_iot_sdk/examples/bl602_boot2/build_out/bl602_std/libbl602_std.a(bl602_glb.o)
GLB_Set_System_CLK                                /home/ubuntu/dev/bl_iot_sdk/examples/bl602_boot2/build_out/bl602_std/libbl602_std.a(bl602_romapi.o)
                                                  /home/ubuntu/dev/bl_iot_sdk/examples/bl602_boot2/build_out/bl602_std/libbl602_std.a(bl602_glb.o)
                                                  /home/ubuntu/dev/bl_iot_sdk/examples/bl602_boot2/build_out/bl602_std/libbl602_std.a(bl602_hbn.o)
GLB_Set_System_CLK_Div                            /home/ubuntu/dev/bl_iot_sdk/examples/bl602_boot2/build_out/bl602_std/libbl602_std.a(bl602_romapi.o)
                                                  /home/ubuntu/dev/bl_iot_sdk/examples/bl602_boot2/build_out/bl602_std/libbl602_std.a(bl602_glb.o)
GLB_Set_UART_CLK                                  /home/ubuntu/dev/bl_iot_sdk/examples/bl602_boot2/build_out/bl602_std/libbl602_std.a(bl602_glb.o)
GLB_Set_WiFi_Core_CLK                             /home/ubuntu/dev/bl_iot_sdk/examples/bl602_boot2/build_out/bl602_std/libbl602_std.a(bl602_glb.o)
GLB_Set_WiFi_Encrypt_CLK                          /home/ubuntu/dev/bl_iot_sdk/examples/bl602_boot2/build_out/bl602_std/libbl602_std.a(bl602_glb.o)
GLB_Swap_Flash_Pin                                /home/ubuntu/dev/bl_iot_sdk/examples/bl602_boot2/build_out/bl602_std/libbl602_std.a(bl602_romapi.o)
                                                  /home/ubuntu/dev/bl_iot_sdk/examples/bl602_boot2/build_out/bl602_std/libbl602_std.a(bl602_glb.o)
GLB_Swap_SPI_0_MOSI_With_MISO                     /home/ubuntu/dev/bl_iot_sdk/examples/bl602_boot2/build_out/bl602_std/libbl602_std.a(bl602_glb.o)
GLB_UART_Fun_Sel                                  /home/ubuntu/dev/bl_iot_sdk/examples/bl602_boot2/build_out/bl602_std/libbl602_std.a(bl602_glb.o)
GLB_UART_Sig_Swap_Set                             /home/ubuntu/dev/bl_iot_sdk/examples/bl602_boot2/build_out/bl602_std/libbl602_std.a(bl602_glb.o)
                                                  /home/ubuntu/dev/bl_iot_sdk/examples/bl602_boot2/build_out/bl602_std/libbl602_std.a(system_bl602.o)
HBN_32K_Sel                                       /home/ubuntu/dev/bl_iot_sdk/examples/bl602_boot2/build_out/bl602_std/libbl602_std.a(bl602_romapi.o)
                                                  /home/ubuntu/dev/bl_iot_sdk/examples/bl602_boot2/build_out/bl602_std/libbl602_std.a(bl602_hbn.o)
HBN_Aon_Pad_IeSmt_Cfg                             /home/ubuntu/dev/bl_iot_sdk/examples/bl602_boot2/build_out/bl602_std/libbl602_std.a(bl602_hbn.o)
HBN_App_Reset                                     /home/ubuntu/dev/bl_iot_sdk/examples/bl602_boot2/build_out/bl602_std/libbl602_std.a(bl602_hbn.o)
HBN_Clear_IRQ                                     /home/ubuntu/dev/bl_iot_sdk/examples/bl602_boot2/build_out/bl602_std/libbl602_std.a(bl602_hbn.o)
HBN_Clear_RTC_Counter                             /home/ubuntu/dev/bl_iot_sdk/examples/bl602_boot2/build_out/bl602_std/libbl602_std.a(bl602_hbn.o)
HBN_Clear_RTC_INT                                 /home/ubuntu/dev/bl_iot_sdk/examples/bl602_boot2/build_out/bl602_std/libbl602_std.a(bl602_hbn.o)
HBN_Disable                                       /home/ubuntu/dev/bl_iot_sdk/examples/bl602_boot2/build_out/bl602_std/libbl602_std.a(bl602_hbn.o)
HBN_Disable_AComp0_IRQ                            /home/ubuntu/dev/bl_iot_sdk/examples/bl602_boot2/build_out/bl602_std/libbl602_std.a(bl602_hbn.o)
HBN_Disable_AComp1_IRQ                            /home/ubuntu/dev/bl_iot_sdk/examples/bl602_boot2/build_out/bl602_std/libbl602_std.a(bl602_hbn.o)
HBN_Disable_BOR_IRQ                               /home/ubuntu/dev/bl_iot_sdk/examples/bl602_boot2/build_out/bl602_std/libbl602_std.a(bl602_hbn.o)
HBN_Enable                                        /home/ubuntu/dev/bl_iot_sdk/examples/bl602_boot2/build_out/bl602_std/libbl602_std.a(bl602_romapi.o)
                                                  /home/ubuntu/dev/bl_iot_sdk/examples/bl602_boot2/build_out/bl602_std/libbl602_std.a(bl602_hbn.o)
HBN_Enable_AComp0_IRQ                             /home/ubuntu/dev/bl_iot_sdk/examples/bl602_boot2/build_out/bl602_std/libbl602_std.a(bl602_hbn.o)
HBN_Enable_AComp1_IRQ                             /home/ubuntu/dev/bl_iot_sdk/examples/bl602_boot2/build_out/bl602_std/libbl602_std.a(bl602_hbn.o)
HBN_Enable_BOR_IRQ                                /home/ubuntu/dev/bl_iot_sdk/examples/bl602_boot2/build_out/bl602_std/libbl602_std.a(bl602_hbn.o)
HBN_Enable_RTC_Counter                            /home/ubuntu/dev/bl_iot_sdk/examples/bl602_boot2/build_out/bl602_std/libbl602_std.a(bl602_hbn.o)
HBN_GPIO7_Dbg_Pull_Cfg                            /home/ubuntu/dev/bl_iot_sdk/examples/bl602_boot2/build_out/bl602_std/libbl602_std.a(bl602_romapi.o)
                                                  /home/ubuntu/dev/bl_iot_sdk/examples/bl602_boot2/build_out/bl602_std/libbl602_std.a(bl602_hbn.o)
HBN_GPIO_INT_Disable                              /home/ubuntu/dev/bl_iot_sdk/examples/bl602_boot2/build_out/bl602_std/libbl602_std.a(bl602_hbn.o)
HBN_GPIO_INT_Enable                               /home/ubuntu/dev/bl_iot_sdk/examples/bl602_boot2/build_out/bl602_std/libbl602_std.a(bl602_hbn.o)
HBN_Get_BOR_OUT_State                             /home/ubuntu/dev/bl_iot_sdk/examples/bl602_boot2/build_out/bl602_std/libbl602_std.a(bl602_hbn.o)
HBN_Get_INT_State                                 /home/ubuntu/dev/bl_iot_sdk/examples/bl602_boot2/build_out/bl602_std/libbl602_std.a(bl602_hbn.o)
HBN_Get_PIR_Interval                              /home/ubuntu/dev/bl_iot_sdk/examples/bl602_boot2/build_out/bl602_std/libbl602_std.a(bl602_hbn.o)
HBN_Get_PIR_Threshold                             /home/ubuntu/dev/bl_iot_sdk/examples/bl602_boot2/build_out/bl602_std/libbl602_std.a(bl602_hbn.o)
HBN_Get_Pin_Wakeup_Mode                           /home/ubuntu/dev/bl_iot_sdk/examples/bl602_boot2/build_out/bl602_std/libbl602_std.a(bl602_hbn.o)
HBN_Get_RTC_Timer_Val                             /home/ubuntu/dev/bl_iot_sdk/examples/bl602_boot2/build_out/bl602_std/libbl602_std.a(bl602_hbn.o)
HBN_Get_Status_Flag                               /home/ubuntu/dev/bl_iot_sdk/examples/bl602_boot2/build_out/bl602_std/libbl602_std.a(bl602_hbn.o)
HBN_Get_Wakeup_Addr                               /home/ubuntu/dev/bl_iot_sdk/examples/bl602_boot2/build_out/bl602_std/libbl602_std.a(bl602_hbn.o)
HBN_Hw_Pu_Pd_Cfg                                  /home/ubuntu/dev/bl_iot_sdk/examples/bl602_boot2/build_out/bl602_std/libbl602_std.a(bl602_romapi.o)
                                                  /home/ubuntu/dev/bl_iot_sdk/examples/bl602_boot2/build_out/bl602_std/libbl602_std.a(bl602_hbn.o)
HBN_Mode_Enter                                    /home/ubuntu/dev/bl_iot_sdk/examples/bl602_boot2/build_out/bl602_std/libbl602_std.a(bl602_romapi.o)
                                                  /home/ubuntu/dev/bl_iot_sdk/examples/bl602_boot2/build_out/bl602_std/libbl602_std.a(bl602_hbn.o)
HBN_Out0_Callback_Install                         /home/ubuntu/dev/bl_iot_sdk/examples/bl602_boot2/build_out/bl602_std/libbl602_std.a(bl602_hbn.o)
HBN_Out1_Callback_Install                         /home/ubuntu/dev/bl_iot_sdk/examples/bl602_boot2/build_out/bl602_std/libbl602_std.a(bl602_hbn.o)
HBN_PIR_Disable                                   /home/ubuntu/dev/bl_iot_sdk/examples/bl602_boot2/build_out/bl602_std/libbl602_std.a(bl602_hbn.o)
HBN_PIR_Enable                                    /home/ubuntu/dev/bl_iot_sdk/examples/bl602_boot2/build_out/bl602_std/libbl602_std.a(bl602_hbn.o)
HBN_PIR_HPF_Sel                                   /home/ubuntu/dev/bl_iot_sdk/examples/bl602_boot2/build_out/bl602_std/libbl602_std.a(bl602_hbn.o)
HBN_PIR_INT_Config                                /home/ubuntu/dev/bl_iot_sdk/examples/bl602_boot2/build_out/bl602_std/libbl602_std.a(bl602_hbn.o)
HBN_PIR_LPF_Sel                                   /home/ubuntu/dev/bl_iot_sdk/examples/bl602_boot2/build_out/bl602_std/libbl602_std.a(bl602_hbn.o)
HBN_Pin_WakeUp_Mask                               /home/ubuntu/dev/bl_iot_sdk/examples/bl602_boot2/build_out/bl602_std/libbl602_std.a(bl602_romapi.o)
                                                  /home/ubuntu/dev/bl_iot_sdk/examples/bl602_boot2/build_out/bl602_std/libbl602_std.a(bl602_hbn.o)
HBN_Power_Down_Flash                              /home/ubuntu/dev/bl_iot_sdk/examples/bl602_boot2/build_out/bl602_std/libbl602_std.a(bl602_romapi.o)
                                                  /home/ubuntu/dev/bl_iot_sdk/examples/bl602_boot2/build_out/bl602_std/libbl602_std.a(bl602_hbn.o)
HBN_Power_Off_RC32K                               /home/ubuntu/dev/bl_iot_sdk/examples/bl602_boot2/build_out/bl602_std/libbl602_std.a(bl602_romapi.o)
                                                  /home/ubuntu/dev/bl_iot_sdk/examples/bl602_boot2/build_out/bl602_std/libbl602_std.a(bl602_hbn.o)
HBN_Power_Off_Xtal_32K                            /home/ubuntu/dev/bl_iot_sdk/examples/bl602_boot2/build_out/bl602_std/libbl602_std.a(bl602_romapi.o)
                                                  /home/ubuntu/dev/bl_iot_sdk/examples/bl602_boot2/build_out/bl602_std/libbl602_std.a(bl602_hbn.o)
HBN_Power_On_RC32K                                /home/ubuntu/dev/bl_iot_sdk/examples/bl602_boot2/build_out/bl602_std/libbl602_std.a(bl602_romapi.o)
                                                  /home/ubuntu/dev/bl_iot_sdk/examples/bl602_boot2/build_out/bl602_std/libbl602_std.a(bl602_hbn.o)
HBN_Power_On_Xtal_32K                             /home/ubuntu/dev/bl_iot_sdk/examples/bl602_boot2/build_out/bl602_std/libbl602_std.a(bl602_romapi.o)
                                                  /home/ubuntu/dev/bl_iot_sdk/examples/bl602_boot2/build_out/bl602_std/libbl602_std.a(bl602_hbn.o)
HBN_Reset                                         /home/ubuntu/dev/bl_iot_sdk/examples/bl602_boot2/build_out/bl602_std/libbl602_std.a(bl602_romapi.o)
                                                  /home/ubuntu/dev/bl_iot_sdk/examples/bl602_boot2/build_out/bl602_std/libbl602_std.a(bl602_hbn.o)
HBN_Set_BOR_Cfg                                   /home/ubuntu/dev/bl_iot_sdk/examples/bl602_boot2/build_out/bl602_std/libbl602_std.a(bl602_hbn.o)
                                                  /home/ubuntu/dev/bl_iot_sdk/examples/bl602_boot2/build_out/bl602_std/libbl602_std.a(system_bl602.o)
HBN_Set_BOR_Config                                /home/ubuntu/dev/bl_iot_sdk/examples/bl602_boot2/build_out/bl602_std/libbl602_std.a(bl602_hbn.o)
HBN_Set_Embedded_Flash_Pullup                     /home/ubuntu/dev/bl_iot_sdk/examples/bl602_boot2/build_out/bl602_std/libbl602_std.a(bl602_romapi.o)
                                                  /home/ubuntu/dev/bl_iot_sdk/examples/bl602_boot2/build_out/bl602_std/libbl602_std.a(bl602_hbn.o)
HBN_Set_HRAM_Ret                                  /home/ubuntu/dev/bl_iot_sdk/examples/bl602_boot2/build_out/bl602_std/libbl602_std.a(bl602_hbn.o)
HBN_Set_HRAM_slp                                  /home/ubuntu/dev/bl_iot_sdk/examples/bl602_boot2/build_out/bl602_std/libbl602_std.a(bl602_hbn.o)
HBN_Set_Ldo11_All_Vout                            /home/ubuntu/dev/bl_iot_sdk/examples/bl602_boot2/build_out/bl602_std/libbl602_std.a(bl602_hbn.o)
HBN_Set_Ldo11_Aon_Vout                            /home/ubuntu/dev/bl_iot_sdk/examples/bl602_boot2/build_out/bl602_std/libbl602_std.a(bl602_romapi.o)
                                                  /home/ubuntu/dev/bl_iot_sdk/examples/bl602_boot2/build_out/bl602_std/libbl602_std.a(bl602_hbn.o)
HBN_Set_Ldo11_Rt_Vout                             /home/ubuntu/dev/bl_iot_sdk/examples/bl602_boot2/build_out/bl602_std/libbl602_std.a(bl602_romapi.o)
                                                  /home/ubuntu/dev/bl_iot_sdk/examples/bl602_boot2/build_out/bl602_std/libbl602_std.a(bl602_hbn.o)
HBN_Set_Ldo11_Soc_Vout                            /home/ubuntu/dev/bl_iot_sdk/examples/bl602_boot2/build_out/bl602_std/libbl602_std.a(bl602_romapi.o)
                                                  /home/ubuntu/dev/bl_iot_sdk/examples/bl602_boot2/build_out/bl602_std/libbl602_std.a(bl602_hbn.o)
HBN_Set_PIR_Interval                              /home/ubuntu/dev/bl_iot_sdk/examples/bl602_boot2/build_out/bl602_std/libbl602_std.a(bl602_hbn.o)
HBN_Set_PIR_Threshold                             /home/ubuntu/dev/bl_iot_sdk/examples/bl602_boot2/build_out/bl602_std/libbl602_std.a(bl602_hbn.o)
HBN_Set_ROOT_CLK_Sel                              /home/ubuntu/dev/bl_iot_sdk/examples/bl602_boot2/build_out/bl602_std/libbl602_std.a(bl602_romapi.o)
                                                  /home/ubuntu/dev/bl_iot_sdk/examples/bl602_boot2/build_out/bl602_std/libbl602_std.a(bl602_hbn.o)
                                                  /home/ubuntu/dev/bl_iot_sdk/examples/bl602_boot2/build_out/bl602_std/libbl602_std.a(bl602_glb.o)
HBN_Set_RTC_Timer                                 /home/ubuntu/dev/bl_iot_sdk/examples/bl602_boot2/build_out/bl602_std/libbl602_std.a(bl602_hbn.o)
HBN_Set_Status_Flag                               /home/ubuntu/dev/bl_iot_sdk/examples/bl602_boot2/build_out/bl602_std/libbl602_std.a(bl602_hbn.o)
HBN_Set_UART_CLK_Sel                              /home/ubuntu/dev/bl_iot_sdk/examples/bl602_boot2/build_out/bl602_std/libbl602_std.a(bl602_hbn.o)
                                                  /home/ubuntu/dev/bl_iot_sdk/examples/bl602_boot2/build_out/bl602_std/libbl602_std.a(bl602_glb.o)
HBN_Set_Wakeup_Addr                               /home/ubuntu/dev/bl_iot_sdk/examples/bl602_boot2/build_out/bl602_std/libbl602_std.a(bl602_hbn.o)
HBN_Set_XCLK_CLK_Sel                              /home/ubuntu/dev/bl_iot_sdk/examples/bl602_boot2/build_out/bl602_std/libbl602_std.a(bl602_hbn.o)
HBN_Trim_RC32K                                    /home/ubuntu/dev/bl_iot_sdk/examples/bl602_boot2/build_out/bl602_std/libbl602_std.a(bl602_romapi.o)
                                                  /home/ubuntu/dev/bl_iot_sdk/examples/bl602_boot2/build_out/bl602_std/libbl602_std.a(bl602_hbn.o)
L1C_BMX_Addr_Monitor_Disable                      /home/ubuntu/dev/bl_iot_sdk/examples/bl602_boot2/build_out/bl602_std/libbl602_std.a(bl602_l1c.o)
L1C_BMX_Addr_Monitor_Enable                       /home/ubuntu/dev/bl_iot_sdk/examples/bl602_boot2/build_out/bl602_std/libbl602_std.a(bl602_l1c.o)
L1C_BMX_BusErrResponse_Disable                    /home/ubuntu/dev/bl_iot_sdk/examples/bl602_boot2/build_out/bl602_std/libbl602_std.a(bl602_l1c.o)
L1C_BMX_BusErrResponse_Enable                     /home/ubuntu/dev/bl_iot_sdk/examples/bl602_boot2/build_out/bl602_std/libbl602_std.a(bl602_l1c.o)
L1C_BMX_ERR_INT_Callback_Install                  /home/ubuntu/dev/bl_iot_sdk/examples/bl602_boot2/build_out/bl602_std/libbl602_std.a(bl602_l1c.o)
L1C_BMX_Get_Err_Addr                              /home/ubuntu/dev/bl_iot_sdk/examples/bl602_boot2/build_out/bl602_std/libbl602_std.a(bl602_l1c.o)
L1C_BMX_Get_Status                                /home/ubuntu/dev/bl_iot_sdk/examples/bl602_boot2/build_out/bl602_std/libbl602_std.a(bl602_l1c.o)
L1C_BMX_Init                                      /home/ubuntu/dev/bl_iot_sdk/examples/bl602_boot2/build_out/bl602_std/libbl602_std.a(bl602_l1c.o)
L1C_BMX_TIMEOUT_INT_Callback_Install              /home/ubuntu/dev/bl_iot_sdk/examples/bl602_boot2/build_out/bl602_std/libbl602_std.a(bl602_l1c.o)
L1C_IROM_2T_Access_Set                            /home/ubuntu/dev/bl_iot_sdk/examples/bl602_boot2/build_out/bl602_std/libbl602_std.a(bl602_romapi.o)
                                                  /home/ubuntu/dev/bl_iot_sdk/examples/bl602_boot2/build_out/bl602_std/libbl602_std.a(bl602_l1c.o)
                                                  /home/ubuntu/dev/bl_iot_sdk/examples/bl602_boot2/build_out/bl602_std/libbl602_std.a(bl602_glb.o)
L1C_Set_Way_Disable                               /home/ubuntu/dev/bl_iot_sdk/examples/bl602_boot2/build_out/bl602_std/libbl602_std.a(bl602_romapi.o)
                                                  /home/ubuntu/dev/bl_iot_sdk/examples/bl602_boot2/build_out/bl602_std/libbl602_std.a(bl602_l1c.o)
L1C_Set_Wrap                                      /home/ubuntu/dev/bl_iot_sdk/examples/bl602_boot2/build_out/bl602_std/libbl602_std.a(bl602_romapi.o)
                                                  /home/ubuntu/dev/bl_iot_sdk/examples/bl602_boot2/build_out/bl602_std/libbl602_std.a(bl602_l1c.o)
PDS_Default_Level_Config                          /home/ubuntu/dev/bl_iot_sdk/examples/bl602_boot2/build_out/bl602_std/libbl602_std.a(bl602_romapi.o)
                                                  /home/ubuntu/dev/bl_iot_sdk/examples/bl602_boot2/build_out/bl602_std/libbl602_std.a(bl602_pds.o)
PDS_Disable_PLL_All_Clks                          /home/ubuntu/dev/bl_iot_sdk/examples/bl602_boot2/build_out/bl602_std/libbl602_std.a(bl602_romapi.o)
                                                  /home/ubuntu/dev/bl_iot_sdk/examples/bl602_boot2/build_out/bl602_std/libbl602_std.a(bl602_pds.o)
PDS_Disable_PLL_Clk                               /home/ubuntu/dev/bl_iot_sdk/examples/bl602_boot2/build_out/bl602_std/libbl602_std.a(bl602_romapi.o)
                                                  /home/ubuntu/dev/bl_iot_sdk/examples/bl602_boot2/build_out/bl602_std/libbl602_std.a(bl602_pds.o)
PDS_Enable                                        /home/ubuntu/dev/bl_iot_sdk/examples/bl602_boot2/build_out/bl602_std/libbl602_std.a(bl602_pds.o)
PDS_Enable_PLL_All_Clks                           /home/ubuntu/dev/bl_iot_sdk/examples/bl602_boot2/build_out/bl602_std/libbl602_std.a(bl602_romapi.o)
                                                  /home/ubuntu/dev/bl_iot_sdk/examples/bl602_boot2/build_out/bl602_std/libbl602_std.a(bl602_pds.o)
                                                  /home/ubuntu/dev/bl_iot_sdk/examples/bl602_boot2/build_out/bl602_std/libbl602_std.a(bl602_glb.o)
PDS_Enable_PLL_Clk                                /home/ubuntu/dev/bl_iot_sdk/examples/bl602_boot2/build_out/bl602_std/libbl602_std.a(bl602_romapi.o)
                                                  /home/ubuntu/dev/bl_iot_sdk/examples/bl602_boot2/build_out/bl602_std/libbl602_std.a(bl602_pds.o)
                                                  /home/ubuntu/dev/bl_iot_sdk/examples/bl602_boot2/build_out/bl602_std/libbl602_std.a(bl602_glb.o)
PDS_Force_Config                                  /home/ubuntu/dev/bl_iot_sdk/examples/bl602_boot2/build_out/bl602_std/libbl602_std.a(bl602_romapi.o)
                                                  /home/ubuntu/dev/bl_iot_sdk/examples/bl602_boot2/build_out/bl602_std/libbl602_std.a(bl602_pds.o)
PDS_Get_IntStatus                                 /home/ubuntu/dev/bl_iot_sdk/examples/bl602_boot2/build_out/bl602_std/libbl602_std.a(bl602_pds.o)
PDS_Get_PdsPllStstus                              /home/ubuntu/dev/bl_iot_sdk/examples/bl602_boot2/build_out/bl602_std/libbl602_std.a(bl602_pds.o)
PDS_Get_PdsRfStstus                               /home/ubuntu/dev/bl_iot_sdk/examples/bl602_boot2/build_out/bl602_std/libbl602_std.a(bl602_pds.o)
PDS_Get_PdsStstus                                 /home/ubuntu/dev/bl_iot_sdk/examples/bl602_boot2/build_out/bl602_std/libbl602_std.a(bl602_pds.o)
PDS_IntClear                                      /home/ubuntu/dev/bl_iot_sdk/examples/bl602_boot2/build_out/bl602_std/libbl602_std.a(bl602_pds.o)
PDS_IntMask                                       /home/ubuntu/dev/bl_iot_sdk/examples/bl602_boot2/build_out/bl602_std/libbl602_std.a(bl602_pds.o)
PDS_Int_Callback_Install                          /home/ubuntu/dev/bl_iot_sdk/examples/bl602_boot2/build_out/bl602_std/libbl602_std.a(bl602_pds.o)
PDS_Power_Off_PLL                                 /home/ubuntu/dev/bl_iot_sdk/examples/bl602_boot2/build_out/bl602_std/libbl602_std.a(bl602_romapi.o)
                                                  /home/ubuntu/dev/bl_iot_sdk/examples/bl602_boot2/build_out/bl602_std/libbl602_std.a(bl602_pds.o)
PDS_Power_On_PLL                                  /home/ubuntu/dev/bl_iot_sdk/examples/bl602_boot2/build_out/bl602_std/libbl602_std.a(bl602_romapi.o)
                                                  /home/ubuntu/dev/bl_iot_sdk/examples/bl602_boot2/build_out/bl602_std/libbl602_std.a(bl602_pds.o)
                                                  /home/ubuntu/dev/bl_iot_sdk/examples/bl602_boot2/build_out/bl602_std/libbl602_std.a(bl602_glb.o)
PDS_RAM_Config                                    /home/ubuntu/dev/bl_iot_sdk/examples/bl602_boot2/build_out/bl602_std/libbl602_std.a(bl602_romapi.o)
                                                  /home/ubuntu/dev/bl_iot_sdk/examples/bl602_boot2/build_out/bl602_std/libbl602_std.a(bl602_pds.o)
PDS_Reset                                         /home/ubuntu/dev/bl_iot_sdk/examples/bl602_boot2/build_out/bl602_std/libbl602_std.a(bl602_romapi.o)
                                                  /home/ubuntu/dev/bl_iot_sdk/examples/bl602_boot2/build_out/bl602_std/libbl602_std.a(bl602_pds.o)
PDS_Select_RC32M_As_PLL_Ref                       /home/ubuntu/dev/bl_iot_sdk/examples/bl602_boot2/build_out/bl602_std/libbl602_std.a(bl602_romapi.o)
                                                  /home/ubuntu/dev/bl_iot_sdk/examples/bl602_boot2/build_out/bl602_std/libbl602_std.a(bl602_pds.o)
PDS_Select_XTAL_As_PLL_Ref                        /home/ubuntu/dev/bl_iot_sdk/examples/bl602_boot2/build_out/bl602_std/libbl602_std.a(bl602_romapi.o)
                                                  /home/ubuntu/dev/bl_iot_sdk/examples/bl602_boot2/build_out/bl602_std/libbl602_std.a(bl602_pds.o)
PDS_Trim_RC32M                                    /home/ubuntu/dev/bl_iot_sdk/examples/bl602_boot2/build_out/bl602_std/libbl602_std.a(bl602_romapi.o)
                                                  /home/ubuntu/dev/bl_iot_sdk/examples/bl602_boot2/build_out/bl602_std/libbl602_std.a(bl602_pds.o)
PtTable_Create                                    /home/ubuntu/dev/bl_iot_sdk/examples/bl602_boot2/build_out/bl602_std/libbl602_std.a(partition.o)
PtTable_Flash_Erase                               /home/ubuntu/dev/bl_iot_sdk/examples/bl602_boot2/build_out/bl602_std/libbl602_std.a(partition.o)
PtTable_Flash_Read                                /home/ubuntu/dev/bl_iot_sdk/examples/bl602_boot2/build_out/bl602_std/libbl602_std.a(partition.o)
PtTable_Flash_Write                               /home/ubuntu/dev/bl_iot_sdk/examples/bl602_boot2/build_out/bl602_std/libbl602_std.a(partition.o)
PtTable_Get_Active_Entries_By_ID                  /home/ubuntu/dev/bl_iot_sdk/examples/bl602_boot2/build_out/bl602_std/libbl602_std.a(partition.o)
PtTable_Get_Active_Entries_By_Name                /home/ubuntu/dev/bl_iot_sdk/examples/bl602_boot2/build_out/bl602_std/libbl602_std.a(partition.o)
                                                  /home/ubuntu/dev/bl_iot_sdk/examples/bl602_boot2/build_out/bl602_std/libbl602_std.a(bl602_mfg_flash.o)
PtTable_Get_Active_Partition_Need_Lock            /home/ubuntu/dev/bl_iot_sdk/examples/bl602_boot2/build_out/bl602_std/libbl602_std.a(partition.o)
                                                  /home/ubuntu/dev/bl_iot_sdk/examples/bl602_boot2/build_out/bl602_std/libbl602_std.a(bl602_mfg_flash.o)
PtTable_Set_Flash_Operation                       /home/ubuntu/dev/bl_iot_sdk/examples/bl602_boot2/build_out/bl602_std/libbl602_std.a(partition.o)
                                                  /home/ubuntu/dev/bl_iot_sdk/examples/bl602_boot2/build_out/bl602_std/libbl602_std.a(bl602_mfg_flash.o)
PtTable_Update_Entry                              /home/ubuntu/dev/bl_iot_sdk/examples/bl602_boot2/build_out/bl602_std/libbl602_std.a(partition.o)
SEC_Eng_Turn_Off_Sec_Ring                         /home/ubuntu/dev/bl_iot_sdk/examples/bl602_boot2/build_out/bl602_std/libbl602_std.a(bl602_romapi.o)
SEC_Eng_Turn_On_Sec_Ring                          /home/ubuntu/dev/bl_iot_sdk/examples/bl602_boot2/build_out/bl602_std/libbl602_std.a(bl602_romapi.o)
SF_Cfg_Deinit_Ext_Flash_Gpio                      /home/ubuntu/dev/bl_iot_sdk/examples/bl602_boot2/build_out/bl602_std/libbl602_std.a(bl602_romapi.o)
SF_Cfg_Flash_Identify                             /home/ubuntu/dev/bl_iot_sdk/examples/bl602_boot2/build_out/bl602_std/libbl602_std.a(bl602_romapi.o)
SF_Cfg_Get_Flash_Cfg_Need_Lock                    /home/ubuntu/dev/bl_iot_sdk/examples/bl602_boot2/build_out/bl602_std/libbl602_std.a(bl602_romapi.o)
SF_Cfg_Init_Ext_Flash_Gpio                        /home/ubuntu/dev/bl_iot_sdk/examples/bl602_boot2/build_out/bl602_std/libbl602_std.a(bl602_romapi.o)
SF_Cfg_Init_Flash_Gpio                            /home/ubuntu/dev/bl_iot_sdk/examples/bl602_boot2/build_out/bl602_std/libbl602_std.a(bl602_romapi.o)
SF_Cfg_Init_Internal_Flash_Gpio                   /home/ubuntu/dev/bl_iot_sdk/examples/bl602_boot2/build_out/bl602_std/libbl602_std.a(bl602_romapi.o)
SF_Cfg_Restore_GPIO17_Fun                         /home/ubuntu/dev/bl_iot_sdk/examples/bl602_boot2/build_out/bl602_std/libbl602_std.a(bl602_romapi.o)
SF_Ctrl_AES_Disable                               /home/ubuntu/dev/bl_iot_sdk/examples/bl602_boot2/build_out/bl602_std/libbl602_std.a(bl602_romapi.o)
SF_Ctrl_AES_Enable                                /home/ubuntu/dev/bl_iot_sdk/examples/bl602_boot2/build_out/bl602_std/libbl602_std.a(bl602_romapi.o)
SF_Ctrl_AES_Enable_BE                             /home/ubuntu/dev/bl_iot_sdk/examples/bl602_boot2/build_out/bl602_std/libbl602_std.a(bl602_romapi.o)
SF_Ctrl_AES_Enable_LE                             /home/ubuntu/dev/bl_iot_sdk/examples/bl602_boot2/build_out/bl602_std/libbl602_std.a(bl602_romapi.o)
SF_Ctrl_AES_Set_IV                                /home/ubuntu/dev/bl_iot_sdk/examples/bl602_boot2/build_out/bl602_std/libbl602_std.a(bl602_romapi.o)
SF_Ctrl_AES_Set_IV_BE                             /home/ubuntu/dev/bl_iot_sdk/examples/bl602_boot2/build_out/bl602_std/libbl602_std.a(bl602_romapi.o)
SF_Ctrl_AES_Set_Key                               /home/ubuntu/dev/bl_iot_sdk/examples/bl602_boot2/build_out/bl602_std/libbl602_std.a(bl602_romapi.o)
SF_Ctrl_AES_Set_Key_BE                            /home/ubuntu/dev/bl_iot_sdk/examples/bl602_boot2/build_out/bl602_std/libbl602_std.a(bl602_romapi.o)
SF_Ctrl_AES_Set_Region                            /home/ubuntu/dev/bl_iot_sdk/examples/bl602_boot2/build_out/bl602_std/libbl602_std.a(bl602_romapi.o)
SF_Ctrl_Disable                                   /home/ubuntu/dev/bl_iot_sdk/examples/bl602_boot2/build_out/bl602_std/libbl602_std.a(bl602_romapi.o)
SF_Ctrl_Enable                                    /home/ubuntu/dev/bl_iot_sdk/examples/bl602_boot2/build_out/bl602_std/libbl602_std.a(bl602_romapi.o)
                                                  /home/ubuntu/dev/bl_iot_sdk/examples/bl602_boot2/build_out/bl602_std/libbl602_std.a(bl602_glb.o)
SF_Ctrl_GetBusyState                              /home/ubuntu/dev/bl_iot_sdk/examples/bl602_boot2/build_out/bl602_std/libbl602_std.a(bl602_romapi.o)
SF_Ctrl_Get_Clock_Delay                           /home/ubuntu/dev/bl_iot_sdk/examples/bl602_boot2/build_out/bl602_std/libbl602_std.a(bl602_romapi.o)
SF_Ctrl_Get_Flash_Image_Offset                    /home/ubuntu/dev/bl_iot_sdk/examples/bl602_boot2/build_out/bl602_std/libbl602_std.a(bl602_romapi.o)
SF_Ctrl_Icache2_Set                               /home/ubuntu/dev/bl_iot_sdk/examples/bl602_boot2/build_out/bl602_std/libbl602_std.a(bl602_romapi.o)
SF_Ctrl_Icache_Set                                /home/ubuntu/dev/bl_iot_sdk/examples/bl602_boot2/build_out/bl602_std/libbl602_std.a(bl602_romapi.o)
SF_Ctrl_Is_AES_Enable                             /home/ubuntu/dev/bl_iot_sdk/examples/bl602_boot2/build_out/bl602_std/libbl602_std.a(bl602_romapi.o)
SF_Ctrl_Select_Clock                              /home/ubuntu/dev/bl_iot_sdk/examples/bl602_boot2/build_out/bl602_std/libbl602_std.a(bl602_romapi.o)
SF_Ctrl_Select_Pad                                /home/ubuntu/dev/bl_iot_sdk/examples/bl602_boot2/build_out/bl602_std/libbl602_std.a(bl602_romapi.o)
SF_Ctrl_SendCmd                                   /home/ubuntu/dev/bl_iot_sdk/examples/bl602_boot2/build_out/bl602_std/libbl602_std.a(bl602_romapi.o)
SF_Ctrl_Set_Clock_Delay                           /home/ubuntu/dev/bl_iot_sdk/examples/bl602_boot2/build_out/bl602_std/libbl602_std.a(bl602_romapi.o)
SF_Ctrl_Set_Flash_Image_Offset                    /home/ubuntu/dev/bl_iot_sdk/examples/bl602_boot2/build_out/bl602_std/libbl602_std.a(bl602_romapi.o)
SF_Ctrl_Set_Owner                                 /home/ubuntu/dev/bl_iot_sdk/examples/bl602_boot2/build_out/bl602_std/libbl602_std.a(bl602_romapi.o)
                                                  /home/ubuntu/dev/bl_iot_sdk/examples/bl602_boot2/build_out/bl602_std/libbl602_std.a(bl602_hbn.o)
SFlash_Blk32_Erase                                /home/ubuntu/dev/bl_iot_sdk/examples/bl602_boot2/build_out/bl602_std/libbl602_std.a(bl602_romapi.o)
SFlash_Blk64_Erase                                /home/ubuntu/dev/bl_iot_sdk/examples/bl602_boot2/build_out/bl602_std/libbl602_std.a(bl602_romapi.o)
SFlash_Busy                                       /home/ubuntu/dev/bl_iot_sdk/examples/bl602_boot2/build_out/bl602_std/libbl602_std.a(bl602_romapi.o)
SFlash_Cache_Enable_Set                           /home/ubuntu/dev/bl_iot_sdk/examples/bl602_boot2/build_out/bl602_std/libbl602_std.a(bl602_romapi.o)
SFlash_Cache_Flush                                /home/ubuntu/dev/bl_iot_sdk/examples/bl602_boot2/build_out/bl602_std/libbl602_std.a(bl602_romapi.o)
                                                  /home/ubuntu/dev/bl_iot_sdk/examples/bl602_boot2/build_out/bl602_std/libbl602_std.a(bl602_hbn.o)
SFlash_Cache_Hit_Count_Get                        /home/ubuntu/dev/bl_iot_sdk/examples/bl602_boot2/build_out/bl602_std/libbl602_std.a(bl602_romapi.o)
SFlash_Cache_Miss_Count_Get                       /home/ubuntu/dev/bl_iot_sdk/examples/bl602_boot2/build_out/bl602_std/libbl602_std.a(bl602_romapi.o)
SFlash_Cache_Read_Disable                         /home/ubuntu/dev/bl_iot_sdk/examples/bl602_boot2/build_out/bl602_std/libbl602_std.a(bl602_romapi.o)
SFlash_Cache_Read_Enable                          /home/ubuntu/dev/bl_iot_sdk/examples/bl602_boot2/build_out/bl602_std/libbl602_std.a(bl602_romapi.o)
SFlash_Chip_Erase                                 /home/ubuntu/dev/bl_iot_sdk/examples/bl602_boot2/build_out/bl602_std/libbl602_std.a(bl602_romapi.o)
SFlash_DisableBurstWrap                           /home/ubuntu/dev/bl_iot_sdk/examples/bl602_boot2/build_out/bl602_std/libbl602_std.a(bl602_romapi.o)
SFlash_Erase                                      /home/ubuntu/dev/bl_iot_sdk/examples/bl602_boot2/build_out/bl602_std/libbl602_std.a(bl602_romapi.o)
SFlash_GetDeviceId                                /home/ubuntu/dev/bl_iot_sdk/examples/bl602_boot2/build_out/bl602_std/libbl602_std.a(bl602_romapi.o)
SFlash_GetJedecId                                 /home/ubuntu/dev/bl_iot_sdk/examples/bl602_boot2/build_out/bl602_std/libbl602_std.a(bl602_romapi.o)
SFlash_GetUniqueId                                /home/ubuntu/dev/bl_iot_sdk/examples/bl602_boot2/build_out/bl602_std/libbl602_std.a(bl602_romapi.o)
SFlash_IDbus_Read_Enable                          /home/ubuntu/dev/bl_iot_sdk/examples/bl602_boot2/build_out/bl602_std/libbl602_std.a(bl602_romapi.o)
SFlash_Init                                       /home/ubuntu/dev/bl_iot_sdk/examples/bl602_boot2/build_out/bl602_std/libbl602_std.a(bl602_romapi.o)
SFlash_Powerdown                                  /home/ubuntu/dev/bl_iot_sdk/examples/bl602_boot2/build_out/bl602_std/libbl602_std.a(bl602_romapi.o)
                                                  /home/ubuntu/dev/bl_iot_sdk/examples/bl602_boot2/build_out/bl602_std/libbl602_std.a(bl602_hbn.o)
SFlash_Program                                    /home/ubuntu/dev/bl_iot_sdk/examples/bl602_boot2/build_out/bl602_std/libbl602_std.a(bl602_romapi.o)
SFlash_Qspi_Enable                                /home/ubuntu/dev/bl_iot_sdk/examples/bl602_boot2/build_out/bl602_std/libbl602_std.a(bl602_romapi.o)
SFlash_Read                                       /home/ubuntu/dev/bl_iot_sdk/examples/bl602_boot2/build_out/bl602_std/libbl602_std.a(bl602_romapi.o)
SFlash_Read_Reg                                   /home/ubuntu/dev/bl_iot_sdk/examples/bl602_boot2/build_out/bl602_std/libbl602_std.a(bl602_romapi.o)
SFlash_Read_Reg_With_Cmd                          /home/ubuntu/dev/bl_iot_sdk/examples/bl602_boot2/build_out/bl602_std/libbl602_std.a(bl602_romapi.o)
SFlash_Releae_Powerdown                           /home/ubuntu/dev/bl_iot_sdk/examples/bl602_boot2/build_out/bl602_std/libbl602_std.a(bl602_romapi.o)
SFlash_Reset_Continue_Read                        /home/ubuntu/dev/bl_iot_sdk/examples/bl602_boot2/build_out/bl602_std/libbl602_std.a(bl602_romapi.o)
                                                  /home/ubuntu/dev/bl_iot_sdk/examples/bl602_boot2/build_out/bl602_std/libbl602_std.a(bl602_hbn.o)
SFlash_Sector_Erase                               /home/ubuntu/dev/bl_iot_sdk/examples/bl602_boot2/build_out/bl602_std/libbl602_std.a(bl602_romapi.o)
SFlash_SetBurstWrap                               /home/ubuntu/dev/bl_iot_sdk/examples/bl602_boot2/build_out/bl602_std/libbl602_std.a(bl602_romapi.o)
SFlash_SetSPIMode                                 /home/ubuntu/dev/bl_iot_sdk/examples/bl602_boot2/build_out/bl602_std/libbl602_std.a(bl602_romapi.o)
SFlash_Set_IDbus_Cfg                              /home/ubuntu/dev/bl_iot_sdk/examples/bl602_boot2/build_out/bl602_std/libbl602_std.a(bl602_romapi.o)
SFlash_Software_Reset                             /home/ubuntu/dev/bl_iot_sdk/examples/bl602_boot2/build_out/bl602_std/libbl602_std.a(bl602_romapi.o)
SFlash_Volatile_Reg_Write_Enable                  /home/ubuntu/dev/bl_iot_sdk/examples/bl602_boot2/build_out/bl602_std/libbl602_std.a(bl602_romapi.o)
SFlash_Write_Enable                               /home/ubuntu/dev/bl_iot_sdk/examples/bl602_boot2/build_out/bl602_std/libbl602_std.a(bl602_romapi.o)
SFlash_Write_Reg                                  /home/ubuntu/dev/bl_iot_sdk/examples/bl602_boot2/build_out/bl602_std/libbl602_std.a(bl602_romapi.o)
SFlash_Write_Reg_With_Cmd                         /home/ubuntu/dev/bl_iot_sdk/examples/bl602_boot2/build_out/bl602_std/libbl602_std.a(bl602_romapi.o)
SystemInit                                        /home/ubuntu/dev/bl_iot_sdk/examples/bl602_boot2/build_out/bl602_std/libbl602_std.a(system_bl602.o)
                                                  /home/ubuntu/dev/bl_iot_sdk/examples/bl602_boot2/build_out/bl602_std/libbl602_std.a(entry.o)
System_Core_Clock_Update_From_RC32M               /home/ubuntu/dev/bl_iot_sdk/examples/bl602_boot2/build_out/bl602_std/libbl602_std.a(bl602_romapi.o)
                                                  /home/ubuntu/dev/bl_iot_sdk/examples/bl602_boot2/build_out/bl602_std/libbl602_std.a(bl602_glb.o)
System_NVIC_SetPriority                           /home/ubuntu/dev/bl_iot_sdk/examples/bl602_boot2/build_out/bl602_std/libbl602_std.a(system_bl602.o)
Trap_Handler_Stub                                 /home/ubuntu/dev/bl_iot_sdk/examples/bl602_boot2/build_out/bl602_std/libbl602_std.a(entry.o)
Update_SystemCoreClockWith_XTAL                   /home/ubuntu/dev/bl_iot_sdk/examples/bl602_boot2/build_out/bl602_std/libbl602_std.a(bl602_romapi.o)
                                                  /home/ubuntu/dev/bl_iot_sdk/examples/bl602_boot2/build_out/bl602_std/libbl602_std.a(bl602_glb.o)
XIP_SFlash_Erase_Need_Lock                        /home/ubuntu/dev/bl_iot_sdk/examples/bl602_boot2/build_out/bl602_std/libbl602_std.a(bl602_romapi.o)
                                                  /home/ubuntu/dev/bl_iot_sdk/examples/bl602_boot2/build_out/bl602_std/libbl602_std.a(bl602_mfg_flash.o)
XIP_SFlash_Erase_With_Lock                        /home/ubuntu/dev/bl_iot_sdk/examples/bl602_boot2/build_out/bl602_std/libbl602_std.a(bl602_romapi.o)
XIP_SFlash_GetDeviceId_Need_Lock                  /home/ubuntu/dev/bl_iot_sdk/examples/bl602_boot2/build_out/bl602_std/libbl602_std.a(bl602_romapi.o)
XIP_SFlash_GetJedecId_Need_Lock                   /home/ubuntu/dev/bl_iot_sdk/examples/bl602_boot2/build_out/bl602_std/libbl602_std.a(bl602_romapi.o)
XIP_SFlash_GetUniqueId_Need_Lock                  /home/ubuntu/dev/bl_iot_sdk/examples/bl602_boot2/build_out/bl602_std/libbl602_std.a(bl602_romapi.o)
XIP_SFlash_Opt_Enter                              /home/ubuntu/dev/bl_iot_sdk/examples/bl602_boot2/build_out/bl602_std/libbl602_std.a(bl602_romapi.o)
XIP_SFlash_Opt_Exit                               /home/ubuntu/dev/bl_iot_sdk/examples/bl602_boot2/build_out/bl602_std/libbl602_std.a(bl602_romapi.o)
XIP_SFlash_Read_Need_Lock                         /home/ubuntu/dev/bl_iot_sdk/examples/bl602_boot2/build_out/bl602_std/libbl602_std.a(bl602_romapi.o)
                                                  /home/ubuntu/dev/bl_iot_sdk/examples/bl602_boot2/build_out/bl602_std/libbl602_std.a(bl602_mfg_flash.o)
XIP_SFlash_Read_Via_Cache_Need_Lock               /home/ubuntu/dev/bl_iot_sdk/examples/bl602_boot2/build_out/bl602_std/libbl602_std.a(bl602_romapi.o)
                                                  /home/ubuntu/dev/bl_iot_sdk/examples/bl602_boot2/build_out/bl602_std/libbl602_std.a(partition.o)
                                                  /home/ubuntu/dev/bl_iot_sdk/examples/bl602_boot2/build_out/bl602_std/libbl602_std.a(bl602_hbn.o)
XIP_SFlash_Read_With_Lock                         /home/ubuntu/dev/bl_iot_sdk/examples/bl602_boot2/build_out/bl602_std/libbl602_std.a(bl602_romapi.o)
XIP_SFlash_State_Restore                          /home/ubuntu/dev/bl_iot_sdk/examples/bl602_boot2/build_out/bl602_std/libbl602_std.a(bl602_romapi.o)
XIP_SFlash_State_Save                             /home/ubuntu/dev/bl_iot_sdk/examples/bl602_boot2/build_out/bl602_std/libbl602_std.a(bl602_romapi.o)
XIP_SFlash_Write_Need_Lock                        /home/ubuntu/dev/bl_iot_sdk/examples/bl602_boot2/build_out/bl602_std/libbl602_std.a(bl602_romapi.o)
                                                  /home/ubuntu/dev/bl_iot_sdk/examples/bl602_boot2/build_out/bl602_std/libbl602_std.a(bl602_mfg_flash.o)
XIP_SFlash_Write_With_Lock                        /home/ubuntu/dev/bl_iot_sdk/examples/bl602_boot2/build_out/bl602_std/libbl602_std.a(bl602_romapi.o)
__StackTop                                        /home/ubuntu/dev/bl_iot_sdk/examples/bl602_boot2/build_out/bl602_std/libbl602_std.a(entry.o)
__Vectors                                         /home/ubuntu/dev/bl_iot_sdk/examples/bl602_boot2/build_out/bl602_std/libbl602_std.a(entry.o)
__adddf3                                          /home/ubuntu/dev/bl_iot_sdk/toolchain/riscv/Linux/bin/../lib/gcc/riscv64-unknown-elf/8.3.0/rv32imf/ilp32f/libgcc.a(adddf3.o)
                                                  /home/ubuntu/dev/bl_iot_sdk/examples/bl602_boot2/build_out/bl602/libbl602.a(debug.o)
__ashldi3                                         /home/ubuntu/dev/bl_iot_sdk/toolchain/riscv/Linux/bin/../lib/gcc/riscv64-unknown-elf/8.3.0/rv32imf/ilp32f/libgcc.a(_ashldi3.o)
                                                  /home/ubuntu/dev/bl_iot_sdk/examples/bl602_boot2/build_out/bl602_std/libbl602_std.a(bl602_ef_ctrl.o)
__bss_end__                                       /home/ubuntu/dev/bl_iot_sdk/examples/bl602_boot2/build_out/bl602_std/libbl602_std.a(start_load.o)
__bss_start__                                     /home/ubuntu/dev/bl_iot_sdk/examples/bl602_boot2/build_out/bl602_std/libbl602_std.a(start_load.o)
__clz_tab                                         /home/ubuntu/dev/bl_iot_sdk/toolchain/riscv/Linux/bin/../lib/gcc/riscv64-unknown-elf/8.3.0/rv32imf/ilp32f/libgcc.a(_clz.o)
                                                  /home/ubuntu/dev/bl_iot_sdk/toolchain/riscv/Linux/bin/../lib/gcc/riscv64-unknown-elf/8.3.0/rv32imf/ilp32f/libgcc.a(_clzsi2.o)
                                                  /home/ubuntu/dev/bl_iot_sdk/toolchain/riscv/Linux/bin/../lib/gcc/riscv64-unknown-elf/8.3.0/rv32imf/ilp32f/libgcc.a(_umoddi3.o)
                                                  /home/ubuntu/dev/bl_iot_sdk/toolchain/riscv/Linux/bin/../lib/gcc/riscv64-unknown-elf/8.3.0/rv32imf/ilp32f/libgcc.a(_udivdi3.o)
__clzsi2                                          /home/ubuntu/dev/bl_iot_sdk/toolchain/riscv/Linux/bin/../lib/gcc/riscv64-unknown-elf/8.3.0/rv32imf/ilp32f/libgcc.a(_clzsi2.o)
                                                  /home/ubuntu/dev/bl_iot_sdk/toolchain/riscv/Linux/bin/../lib/gcc/riscv64-unknown-elf/8.3.0/rv32imf/ilp32f/libgcc.a(subdf3.o)
                                                  /home/ubuntu/dev/bl_iot_sdk/toolchain/riscv/Linux/bin/../lib/gcc/riscv64-unknown-elf/8.3.0/rv32imf/ilp32f/libgcc.a(muldf3.o)
                                                  /home/ubuntu/dev/bl_iot_sdk/toolchain/riscv/Linux/bin/../lib/gcc/riscv64-unknown-elf/8.3.0/rv32imf/ilp32f/libgcc.a(divdf3.o)
                                                  /home/ubuntu/dev/bl_iot_sdk/toolchain/riscv/Linux/bin/../lib/gcc/riscv64-unknown-elf/8.3.0/rv32imf/ilp32f/libgcc.a(adddf3.o)
__divdf3                                          /home/ubuntu/dev/bl_iot_sdk/toolchain/riscv/Linux/bin/../lib/gcc/riscv64-unknown-elf/8.3.0/rv32imf/ilp32f/libgcc.a(divdf3.o)
                                                  /home/ubuntu/dev/bl_iot_sdk/examples/bl602_boot2/build_out/bl602/libbl602.a(debug.o)
__dtcm_load_addr                                  /home/ubuntu/dev/bl_iot_sdk/examples/bl602_boot2/build_out/bl602_std/libbl602_std.a(start_load.o)
__eqdf2                                           /home/ubuntu/dev/bl_iot_sdk/toolchain/riscv/Linux/bin/../lib/gcc/riscv64-unknown-elf/8.3.0/rv32imf/ilp32f/libgcc.a(eqdf2.o)
__fixdfsi                                         /home/ubuntu/dev/bl_iot_sdk/toolchain/riscv/Linux/bin/../lib/gcc/riscv64-unknown-elf/8.3.0/rv32imf/ilp32f/libgcc.a(fixdfsi.o)
                                                  /home/ubuntu/dev/bl_iot_sdk/examples/bl602_boot2/build_out/bl602/libbl602.a(debug.o)
__gedf2                                           /home/ubuntu/dev/bl_iot_sdk/toolchain/riscv/Linux/bin/../lib/gcc/riscv64-unknown-elf/8.3.0/rv32imf/ilp32f/libgcc.a(gedf2.o)
__global_pointer$                                 /home/ubuntu/dev/bl_iot_sdk/examples/bl602_boot2/build_out/bl602_std/libbl602_std.a(entry.o)
__gtdf2                                           /home/ubuntu/dev/bl_iot_sdk/toolchain/riscv/Linux/bin/../lib/gcc/riscv64-unknown-elf/8.3.0/rv32imf/ilp32f/libgcc.a(gedf2.o)
                                                  /home/ubuntu/dev/bl_iot_sdk/examples/bl602_boot2/build_out/bl602/libbl602.a(debug.o)
__itcm_load_addr                                  /home/ubuntu/dev/bl_iot_sdk/examples/bl602_boot2/build_out/bl602_std/libbl602_std.a(start_load.o)
__ledf2                                           /home/ubuntu/dev/bl_iot_sdk/toolchain/riscv/Linux/bin/../lib/gcc/riscv64-unknown-elf/8.3.0/rv32imf/ilp32f/libgcc.a(ledf2.o)
__lshrdi3                                         /home/ubuntu/dev/bl_iot_sdk/toolchain/riscv/Linux/bin/../lib/gcc/riscv64-unknown-elf/8.3.0/rv32imf/ilp32f/libgcc.a(_lshrdi3.o)
                                                  /home/ubuntu/dev/bl_iot_sdk/examples/bl602_boot2/build_out/bl602_std/libbl602_std.a(bl602_ef_ctrl.o)
__ltdf2                                           /home/ubuntu/dev/bl_iot_sdk/toolchain/riscv/Linux/bin/../lib/gcc/riscv64-unknown-elf/8.3.0/rv32imf/ilp32f/libgcc.a(ledf2.o)
                                                  /home/ubuntu/dev/bl_iot_sdk/examples/bl602_boot2/build_out/bl602/libbl602.a(debug.o)
__metal_after_main                                /home/ubuntu/dev/bl_iot_sdk/examples/bl602_boot2/build_out/bl602_std/libbl602_std.a(entry.o)
__metal_chicken_bit                               /home/ubuntu/dev/bl_iot_sdk/examples/bl602_boot2/build_out/bl602_std/libbl602_std.a(entry.o)
__muldf3                                          /home/ubuntu/dev/bl_iot_sdk/toolchain/riscv/Linux/bin/../lib/gcc/riscv64-unknown-elf/8.3.0/rv32imf/ilp32f/libgcc.a(muldf3.o)